{"sessionId":"51ec3c","runId":"pre-fix","timestamp":1781155872870,"location":"WordChecker1_4.CheckTask_1_4_01","message":"commentScanStart","hypothesisId":"H1","data":{"commentCount":2,"filePath":"C:\\MOSTest\\Word365\\Tab1\\Project4.docx"}}
{"sessionId":"51ec3c","runId":"pre-fix","timestamp":1781155872889,"location":"WordChecker1_4.CheckTask_1_4_01","message":"commentEval","hypothesisId":"H2","data":{"index":1,"author":"Owner","scope":"エコと節約","body":"次回ミーティングまで、各自で具体的な行動例をリストアップしておく","matched":false,"ecoAnchor":false}}
{"sessionId":"51ec3c","runId":"pre-fix","timestamp":1781155872901,"location":"WordChecker1_4.CheckTask_1_4_01","message":"commentEval","hypothesisId":"H2","data":{"index":2,"author":"Sudarshana Prageeth","scope":"その他","body":"その他の行動例をいくつかリサーチする","matched":false,"ecoAnchor":false}}
{"sessionId":"51ec3c","runId":"pre-fix","timestamp":1781155872903,"location":"WordChecker1_4.CheckTask_1_4_01","message":"result","hypothesisId":"H1","data":{"result":false}}
{"sessionId":"51ec3c","runId":"pre-fix","timestamp":1781155873022,"location":"WordChecker1_4.CheckTask_1_4_02","message":"openXmlEval","hypothesisId":"H3","data":{"xmlContainsPhrase":false,"replyOnSonoTa":false,"filePath":"C:\\MOSTest\\Word365\\Tab1\\Project4.docx"}}
{"sessionId":"51ec3c","runId":"pre-fix","timestamp":1781155895911,"location":"WordChecker1_4.CheckTask_1_4_01","message":"commentScanStart","hypothesisId":"H1","data":{"commentCount":2,"filePath":"C:\\MOSTest\\Word365\\Tab1\\Project4.docx"}}
{"sessionId":"51ec3c","runId":"pre-fix","timestamp":1781155895926,"location":"WordChecker1_4.CheckTask_1_4_01","message":"commentEval","hypothesisId":"H2","data":{"index":1,"author":"Owner","scope":"エコと節約","body":"次回ミーティングまで、各自で具体的な行動例をリストアップしておく","matched":false,"ecoAnchor":false}}
{"sessionId":"51ec3c","runId":"pre-fix","timestamp":1781155895940,"location":"WordChecker1_4.CheckTask_1_4_01","message":"commentEval","hypothesisId":"H2","data":{"index":2,"author":"Sudarshana Prageeth","scope":"その他","body":"その他の行動例をいくつかリサーチする","matched":false,"ecoAnchor":false}}
{"sessionId":"51ec3c","runId":"pre-fix","timestamp":1781155895941,"location":"WordChecker1_4.CheckTask_1_4_01","message":"result","hypothesisId":"H1","data":{"result":false}}
{"sessionId":"51ec3c","runId":"pre-fix","timestamp":1781155896048,"location":"WordChecker1_4.CheckTask_1_4_02","message":"openXmlEval","hypothesisId":"H3","data":{"xmlContainsPhrase":false,"replyOnSonoTa":false,"filePath":"C:\\MOSTest\\Word365\\Tab1\\Project4.docx"}}
{"sessionId":"51ec3c","runId":"pre-fix","timestamp":1781155997182,"location":"WordChecker1_4.CheckTask_1_4_01","message":"commentScanStart","hypothesisId":"H1","data":{"commentCount":2,"filePath":"C:\\MOSTest\\Word365\\Tab1\\Project4.docx"}}
{"sessionId":"51ec3c","runId":"pre-fix","timestamp":1781155997197,"location":"WordChecker1_4.CheckTask_1_4_01","message":"commentEval","hypothesisId":"H2","data":{"index":1,"author":"Owner","scope":"エコと節約","body":"次回ミーティングまで、各自で具体的な行動例をリストアップしておく","matched":false,"ecoAnchor":false}}
{"sessionId":"51ec3c","runId":"pre-fix","timestamp":1781155997209,"location":"WordChecker1_4.CheckTask_1_4_01","message":"commentEval","hypothesisId":"H2","data":{"index":2,"author":"Sudarshana Prageeth","scope":"その他","body":"その他の行動例をいくつかリサーチする","matched":false,"ecoAnchor":false}}
{"sessionId":"51ec3c","runId":"pre-fix","timestamp":1781155997210,"location":"WordChecker1_4.CheckTask_1_4_01","message":"result","hypothesisId":"H1","data":{"result":false}}
{"sessionId":"51ec3c","runId":"pre-fix","timestamp":1781155997320,"location":"WordChecker1_4.CheckTask_1_4_02","message":"openXmlEval","hypothesisId":"H3","data":{"xmlContainsPhrase":false,"replyOnSonoTa":false,"filePath":"C:\\MOSTest\\Word365\\Tab1\\Project4.docx"}}
{"sessionId":"51ec3c","runId":"pre-fix","timestamp":1781156174641,"location":"WordChecker1_4.CheckTask_1_4_01","message":"commentScanStart","hypothesisId":"H1","data":{"commentCount":2,"filePath":"C:\\MOSTest\\Word365\\Tab1\\Project4.docx"}}
{"sessionId":"51ec3c","runId":"pre-fix","timestamp":1781156174668,"location":"WordChecker1_4.CheckTask_1_4_01","message":"commentEval","hypothesisId":"H2","data":{"index":1,"author":"Owner","scope":"エコと節約","body":"次回ミーティングまで、各自で具体的な行動例をリストアップしておく","matched":false,"ecoAnchor":false}}
{"sessionId":"51ec3c","runId":"pre-fix","timestamp":1781156174689,"location":"WordChecker1_4.CheckTask_1_4_01","message":"commentEval","hypothesisId":"H2","data":{"index":2,"author":"Sudarshana Prageeth","scope":"その他","body":"その他の行動例をいくつかリサーチする","matched":false,"ecoAnchor":false}}
{"sessionId":"51ec3c","runId":"pre-fix","timestamp":1781156174690,"location":"WordChecker1_4.CheckTask_1_4_01","message":"result","hypothesisId":"H1","data":{"result":false}}
{"sessionId":"51ec3c","runId":"pre-fix","timestamp":1781156174802,"location":"WordChecker1_4.CheckTask_1_4_02","message":"openXmlEval","hypothesisId":"H3","data":{"xmlContainsPhrase":false,"replyOnSonoTa":false,"filePath":"C:\\MOSTest\\Word365\\Tab1\\Project4.docx"}}
{"sessionId":"51ec3c","runId":"pre-fix","timestamp":1781156297480,"location":"WordChecker1_4.CheckTask_1_4_01","message":"commentScanStart","hypothesisId":"H1","data":{"commentCount":2,"filePath":"C:\\MOSTest\\Word365\\Tab1\\Project4.docx"}}
{"sessionId":"51ec3c","runId":"pre-fix","timestamp":1781156297494,"location":"WordChecker1_4.CheckTask_1_4_01","message":"commentEval","hypothesisId":"H2","data":{"index":1,"author":"Owner","scope":"エコと節約","body":"次回ミーティングまで、各自で具体的な行動例をリストアップしておく","matched":false,"ecoAnchor":false}}
{"sessionId":"51ec3c","runId":"pre-fix","timestamp":1781156297507,"location":"WordChecker1_4.CheckTask_1_4_01","message":"commentEval","hypothesisId":"H2","data":{"index":2,"author":"Sudarshana Prageeth","scope":"その他","body":"その他の行動例をいくつかリサーチする","matched":false,"ecoAnchor":false}}
{"sessionId":"51ec3c","runId":"pre-fix","timestamp":1781156297507,"location":"WordChecker1_4.CheckTask_1_4_01","message":"result","hypothesisId":"H1","data":{"result":false}}
{"sessionId":"51ec3c","runId":"pre-fix","timestamp":1781156297608,"location":"WordChecker1_4.CheckTask_1_4_02","message":"openXmlEval","hypothesisId":"H3","data":{"xmlContainsPhrase":false,"replyOnSonoTa":false,"filePath":"C:\\MOSTest\\Word365\\Tab1\\Project4.docx"}}
{"sessionId":"51ec3c","runId":"pre-fix","timestamp":1781156316148,"location":"WordChecker1_4.CheckTask_1_4_01","message":"commentScanStart","hypothesisId":"H1","data":{"commentCount":2,"filePath":"C:\\MOSTest\\Word365\\Tab1\\Project4.docx"}}
{"sessionId":"51ec3c","runId":"pre-fix","timestamp":1781156316167,"location":"WordChecker1_4.CheckTask_1_4_01","message":"commentEval","hypothesisId":"H2","data":{"index":1,"author":"Owner","scope":"エコと節約","body":"次回ミーティングまで、各自で具体的な行動例をリストアップしておく","matched":false,"ecoAnchor":false}}
{"sessionId":"51ec3c","runId":"pre-fix","timestamp":1781156316183,"location":"WordChecker1_4.CheckTask_1_4_01","message":"commentEval","hypothesisId":"H2","data":{"index":2,"author":"Sudarshana Prageeth","scope":"その他","body":"その他の行動例をいくつかリサーチする","matched":false,"ecoAnchor":false}}
{"sessionId":"51ec3c","runId":"pre-fix","timestamp":1781156316184,"location":"WordChecker1_4.CheckTask_1_4_01","message":"result","hypothesisId":"H1","data":{"result":false}}
{"sessionId":"51ec3c","runId":"pre-fix","timestamp":1781156316281,"location":"WordChecker1_4.CheckTask_1_4_02","message":"openXmlEval","hypothesisId":"H3","data":{"xmlContainsPhrase":false,"replyOnSonoTa":false,"filePath":"C:\\MOSTest\\Word365\\Tab1\\Project4.docx"}}
{"sessionId":"51ec3c","runId":"pre-fix","timestamp":1781156753593,"location":"WordChecker1_4.CheckTask_1_4_01","message":"commentScanStart","hypothesisId":"H1","data":{"commentCount":2,"filePath":"C:\\MOSTest\\Word365\\Tab1\\Project4.docx"}}
{"sessionId":"51ec3c","runId":"pre-fix","timestamp":1781156753607,"location":"WordChecker1_4.CheckTask_1_4_01","message":"commentEval","hypothesisId":"H2","data":{"index":1,"author":"Owner","scope":"エコと節約","body":"次回ミーティングまで、各自で具体的な行動例をリストアップしておく","matched":false,"ecoAnchor":false}}
{"sessionId":"51ec3c","runId":"pre-fix","timestamp":1781156753618,"location":"WordChecker1_4.CheckTask_1_4_01","message":"commentEval","hypothesisId":"H2","data":{"index":2,"author":"Sudarshana Prageeth","scope":"その他","body":"その他の行動例をいくつかリサーチする","matched":false,"ecoAnchor":false}}
{"sessionId":"51ec3c","runId":"pre-fix","timestamp":1781156753619,"location":"WordChecker1_4.CheckTask_1_4_01","message":"result","hypothesisId":"H1","data":{"result":false}}
{"sessionId":"51ec3c","runId":"pre-fix","timestamp":1781156753719,"location":"WordChecker1_4.CheckTask_1_4_02","message":"openXmlEval","hypothesisId":"H3","data":{"xmlContainsPhrase":false,"replyOnSonoTa":false,"filePath":"C:\\MOSTest\\Word365\\Tab1\\Project4.docx"}}
{"sessionId":"51ec3c","runId":"pre-fix","timestamp":1781156768964,"location":"WordChecker1_4.CheckTask_1_4_01","message":"commentScanStart","hypothesisId":"H1","data":{"commentCount":2,"filePath":"C:\\MOSTest\\Word365\\Tab1\\Project4.docx"}}
{"sessionId":"51ec3c","runId":"pre-fix","timestamp":1781156768977,"location":"WordChecker1_4.CheckTask_1_4_01","message":"commentEval","hypothesisId":"H2","data":{"index":1,"author":"Owner","scope":"エコと節約","body":"次回ミーティングまで、各自で具体的な行動例をリストアップしておく","matched":false,"ecoAnchor":false}}
{"sessionId":"51ec3c","runId":"pre-fix","timestamp":1781156768990,"location":"WordChecker1_4.CheckTask_1_4_01","message":"commentEval","hypothesisId":"H2","data":{"index":2,"author":"Sudarshana Prageeth","scope":"その他","body":"その他の行動例をいくつかリサーチする","matched":false,"ecoAnchor":false}}
{"sessionId":"51ec3c","runId":"pre-fix","timestamp":1781156768991,"location":"WordChecker1_4.CheckTask_1_4_01","message":"result","hypothesisId":"H1","data":{"result":false}}
{"sessionId":"51ec3c","runId":"pre-fix","timestamp":1781156769094,"location":"WordChecker1_4.CheckTask_1_4_02","message":"openXmlEval","hypothesisId":"H3","data":{"xmlContainsPhrase":false,"replyOnSonoTa":false,"filePath":"C:\\MOSTest\\Word365\\Tab1\\Project4.docx"}}
{"sessionId":"51ec3c","runId":"pre-fix","timestamp":1781156779502,"location":"WordChecker1_4.CheckTask_1_4_01","message":"commentScanStart","hypothesisId":"H1","data":{"commentCount":2,"filePath":"C:\\MOSTest\\Word365\\Tab1\\Project4.docx"}}
{"sessionId":"51ec3c","runId":"pre-fix","timestamp":1781156779524,"location":"WordChecker1_4.CheckTask_1_4_01","message":"commentEval","hypothesisId":"H2","data":{"index":1,"author":"Owner","scope":"エコと節約","body":"次回ミーティングまで、各自で具体的な行動例をリストアップしておく","matched":false,"ecoAnchor":false}}
{"sessionId":"51ec3c","runId":"pre-fix","timestamp":1781156779545,"location":"WordChecker1_4.CheckTask_1_4_01","message":"commentEval","hypothesisId":"H2","data":{"index":2,"author":"Sudarshana Prageeth","scope":"その他","body":"その他の行動例をいくつかリサーチする","matched":false,"ecoAnchor":false}}
{"sessionId":"51ec3c","runId":"pre-fix","timestamp":1781156779546,"location":"WordChecker1_4.CheckTask_1_4_01","message":"result","hypothesisId":"H1","data":{"result":false}}
{"sessionId":"51ec3c","runId":"pre-fix","timestamp":1781156779647,"location":"WordChecker1_4.CheckTask_1_4_02","message":"openXmlEval","hypothesisId":"H3","data":{"xmlContainsPhrase":false,"replyOnSonoTa":false,"filePath":"C:\\MOSTest\\Word365\\Tab1\\Project4.docx"}}
{"sessionId":"51ec3c","runId":"pre-fix","timestamp":1781156787938,"location":"WordChecker1_4.CheckTask_1_4_01","message":"commentScanStart","hypothesisId":"H1","data":{"commentCount":2,"filePath":"C:\\MOSTest\\Word365\\Tab1\\Project4.docx"}}
{"sessionId":"51ec3c","runId":"pre-fix","timestamp":1781156787985,"location":"WordChecker1_4.CheckTask_1_4_01","message":"commentEval","hypothesisId":"H2","data":{"index":1,"author":"Owner","scope":"エコと節約","body":"次回ミーティングまで、各自で具体的な行動例をリストアップしておく","matched":false,"ecoAnchor":false}}
{"sessionId":"51ec3c","runId":"pre-fix","timestamp":1781156788002,"location":"WordChecker1_4.CheckTask_1_4_01","message":"commentEval","hypothesisId":"H2","data":{"index":2,"author":"Sudarshana Prageeth","scope":"その他","body":"その他の行動例をいくつかリサーチする","matched":false,"ecoAnchor":false}}
{"sessionId":"51ec3c","runId":"pre-fix","timestamp":1781156788003,"location":"WordChecker1_4.CheckTask_1_4_01","message":"result","hypothesisId":"H1","data":{"result":false}}
{"sessionId":"51ec3c","runId":"pre-fix","timestamp":1781156788102,"location":"WordChecker1_4.CheckTask_1_4_02","message":"openXmlEval","hypothesisId":"H3","data":{"xmlContainsPhrase":false,"replyOnSonoTa":false,"filePath":"C:\\MOSTest\\Word365\\Tab1\\Project4.docx"}}
{"sessionId":"51ec3c","runId":"pre-fix","timestamp":1781503738681,"location":"WordChecker1_4.CheckTask_1_4_01","message":"commentScanStart","hypothesisId":"H1","data":{"commentCount":2,"filePath":"C:\\MOSTest\\Word365\\Tab1\\Project4.docx"}}
{"sessionId":"51ec3c","runId":"pre-fix","timestamp":1781503738694,"location":"WordChecker1_4.CheckTask_1_4_01","message":"commentEval","hypothesisId":"H2","data":{"index":1,"author":"Owner","scope":"エコと節約","body":"次回ミーティングまで、各自で具体的な行動例をリストアップしておく","matched":false,"ecoAnchor":false}}
{"sessionId":"51ec3c","runId":"pre-fix","timestamp":1781503738704,"location":"WordChecker1_4.CheckTask_1_4_01","message":"commentEval","hypothesisId":"H2","data":{"index":2,"author":"Sudarshana Prageeth","scope":"その他","body":"その他の行動例をいくつかリサーチする","matched":false,"ecoAnchor":false}}
{"sessionId":"51ec3c","runId":"pre-fix","timestamp":1781503738705,"location":"WordChecker1_4.CheckTask_1_4_01","message":"result","hypothesisId":"H1","data":{"result":false}}
{"sessionId":"51ec3c","runId":"pre-fix","timestamp":1781503738797,"location":"WordChecker1_4.CheckTask_1_4_02","message":"openXmlEval","hypothesisId":"H3","data":{"xmlContainsPhrase":false,"replyOnSonoTa":false,"filePath":"C:\\MOSTest\\Word365\\Tab1\\Project4.docx"}}
{"sessionId":"51ec3c","runId":"pre-fix","timestamp":1781503852484,"location":"WordChecker1_4.CheckTask_1_4_01","message":"commentScanStart","hypothesisId":"H1","data":{"commentCount":3,"filePath":"C:\\MOSTest\\Word365\\Tab1\\Project4.docx"}}
{"sessionId":"51ec3c","runId":"pre-fix","timestamp":1781503852516,"location":"WordChecker1_4.CheckTask_1_4_01","message":"commentEval","hypothesisId":"H2","data":{"index":1,"author":"Owner","scope":"エコと節約","body":"次回ミーティングまで、各自で具体的な行動例をリストアップしておく","matched":false,"ecoAnchor":false}}
{"sessionId":"51ec3c","runId":"pre-fix","timestamp":1781503852523,"location":"WordChecker1_4.CheckTask_1_4_01","message":"commentEval","hypothesisId":"H1","data":{"index":2,"author":"rabbittest","scope":"生活の中でできるエコ活動","body":"最新の情報を確認","matched":true,"ecoAnchor":true}}
{"sessionId":"51ec3c","runId":"pre-fix","timestamp":1781503852524,"location":"WordChecker1_4.CheckTask_1_4_01","message":"result","hypothesisId":"H1","data":{"result":true}}
{"sessionId":"51ec3c","runId":"pre-fix","timestamp":1781503852610,"location":"WordChecker1_4.CheckTask_1_4_02","message":"openXmlEval","hypothesisId":"H3","data":{"xmlContainsPhrase":false,"replyOnSonoTa":false,"filePath":"C:\\MOSTest\\Word365\\Tab1\\Project4.docx"}}
{"sessionId":"51ec3c","runId":"pre-fix","timestamp":1781503862677,"location":"WordChecker1_4.CheckTask_1_4_01","message":"commentScanStart","hypothesisId":"H1","data":{"commentCount":4,"filePath":"C:\\MOSTest\\Word365\\Tab1\\Project4.docx"}}
{"sessionId":"51ec3c","runId":"pre-fix","timestamp":1781503862689,"location":"WordChecker1_4.CheckTask_1_4_01","message":"commentEval","hypothesisId":"H2","data":{"index":1,"author":"Owner","scope":"エコと節約","body":"次回ミーティングまで、各自で具体的な行動例をリストアップしておく","matched":false,"ecoAnchor":false}}
{"sessionId":"51ec3c","runId":"pre-fix","timestamp":1781503862698,"location":"WordChecker1_4.CheckTask_1_4_01","message":"commentEval","hypothesisId":"H1","data":{"index":2,"author":"rabbittest","scope":"生活の中でできるエコ活動","body":"最新の情報を確認","matched":true,"ecoAnchor":true}}
{"sessionId":"51ec3c","runId":"pre-fix","timestamp":1781503862699,"location":"WordChecker1_4.CheckTask_1_4_01","message":"result","hypothesisId":"H1","data":{"result":true}}
{"sessionId":"51ec3c","runId":"pre-fix","timestamp":1781503863189,"location":"WordChecker1_4.CheckTask_1_4_02","message":"openXmlEval","hypothesisId":"H3","data":{"xmlContainsPhrase":true,"replyOnSonoTa":true,"filePath":"C:\\MOSTest\\Word365\\Tab1\\Project4.docx"}}
{"sessionId":"51ec3c","runId":"pre-fix","timestamp":1781503881995,"location":"WordChecker1_4.CheckTask_1_4_01","message":"commentScanStart","hypothesisId":"H1","data":{"commentCount":3,"filePath":"C:\\MOSTest\\Word365\\Tab1\\Project4.docx"}}
{"sessionId":"51ec3c","runId":"pre-fix","timestamp":1781503882007,"location":"WordChecker1_4.CheckTask_1_4_01","message":"commentEval","hypothesisId":"H1","data":{"index":1,"author":"rabbittest","scope":"生活の中でできるエコ活動","body":"最新の情報を確認","matched":true,"ecoAnchor":true}}
{"sessionId":"51ec3c","runId":"pre-fix","timestamp":1781503882008,"location":"WordChecker1_4.CheckTask_1_4_01","message":"result","hypothesisId":"H1","data":{"result":true}}
{"sessionId":"51ec3c","runId":"pre-fix","timestamp":1781503882108,"location":"WordChecker1_4.CheckTask_1_4_02","message":"openXmlEval","hypothesisId":"H3","data":{"xmlContainsPhrase":true,"replyOnSonoTa":true,"filePath":"C:\\MOSTest\\Word365\\Tab1\\Project4.docx"}}
{"sessionId":"51ec3c","runId":"pre-fix","timestamp":1781504074483,"location":"WordChecker1_4.CheckTask_1_4_01","message":"commentScanStart","hypothesisId":"H1","data":{"commentCount":3,"filePath":"C:\\MOSTest\\Word365\\Tab1\\Project4.docx"}}
{"sessionId":"51ec3c","runId":"pre-fix","timestamp":1781504074501,"location":"WordChecker1_4.CheckTask_1_4_01","message":"commentEval","hypothesisId":"H1","data":{"index":1,"author":"rabbittest","scope":"生活の中でできるエコ活動","body":"最新の情報を確認","matched":true,"ecoAnchor":true}}
{"sessionId":"51ec3c","runId":"pre-fix","timestamp":1781504074502,"location":"WordChecker1_4.CheckTask_1_4_01","message":"result","hypothesisId":"H1","data":{"result":true}}
{"sessionId":"51ec3c","runId":"pre-fix","timestamp":1781504074603,"location":"WordChecker1_4.CheckTask_1_4_02","message":"openXmlEval","hypothesisId":"H3","data":{"xmlContainsPhrase":true,"replyOnSonoTa":true,"filePath":"C:\\MOSTest\\Word365\\Tab1\\Project4.docx"}}
{"sessionId":"51ec3c","runId":"pre-fix","timestamp":1781504083555,"location":"WordChecker1_4.CheckTask_1_4_01","message":"commentScanStart","hypothesisId":"H1","data":{"commentCount":3,"filePath":"C:\\MOSTest\\Word365\\Tab1\\Project4.docx"}}
{"sessionId":"51ec3c","runId":"pre-fix","timestamp":1781504083566,"location":"WordChecker1_4.CheckTask_1_4_01","message":"commentEval","hypothesisId":"H1","data":{"index":1,"author":"rabbittest","scope":"生活の中でできるエコ活動","body":"最新の情報を確認","matched":true,"ecoAnchor":true}}
{"sessionId":"51ec3c","runId":"pre-fix","timestamp":1781504083567,"location":"WordChecker1_4.CheckTask_1_4_01","message":"result","hypothesisId":"H1","data":{"result":true}}
{"sessionId":"51ec3c","runId":"pre-fix","timestamp":1781504083686,"location":"WordChecker1_4.CheckTask_1_4_02","message":"openXmlEval","hypothesisId":"H3","data":{"xmlContainsPhrase":true,"replyOnSonoTa":true,"filePath":"C:\\MOSTest\\Word365\\Tab1\\Project4.docx"}}
{"sessionId":"51ec3c","runId":"pre-fix","timestamp":1781504114730,"location":"WordChecker1_4.CheckTask_1_4_01","message":"commentScanStart","hypothesisId":"H1","data":{"commentCount":3,"filePath":"C:\\MOSTest\\Word365\\Tab1\\Project4.docx"}}
{"sessionId":"51ec3c","runId":"pre-fix","timestamp":1781504114737,"location":"WordChecker1_4.CheckTask_1_4_01","message":"commentEval","hypothesisId":"H1","data":{"index":1,"author":"rabbittest","scope":"生活の中でできるエコ活動","body":"最新の情報を確認","matched":true,"ecoAnchor":true}}
{"sessionId":"51ec3c","runId":"pre-fix","timestamp":1781504114738,"location":"WordChecker1_4.CheckTask_1_4_01","message":"result","hypothesisId":"H1","data":{"result":true}}
{"sessionId":"51ec3c","runId":"pre-fix","timestamp":1781504114925,"location":"WordChecker1_4.CheckTask_1_4_02","message":"openXmlEval","hypothesisId":"H3","data":{"xmlContainsPhrase":true,"replyOnSonoTa":true,"filePath":"C:\\MOSTest\\Word365\\Tab1\\Project4.docx"}}
{"sessionId":"51ec3c","runId":"pre-fix","timestamp":1781504167000,"location":"WordChecker1_4.CheckTask_1_4_01","message":"commentScanStart","hypothesisId":"H1","data":{"commentCount":3,"filePath":"C:\\MOSTest\\Word365\\Tab1\\Project4.docx"}}
{"sessionId":"51ec3c","runId":"pre-fix","timestamp":1781504167015,"location":"WordChecker1_4.CheckTask_1_4_01","message":"commentEval","hypothesisId":"H1","data":{"index":1,"author":"rabbittest","scope":"生活の中でできるエコ活動","body":"最新の情報を確認","matched":true,"ecoAnchor":true}}
{"sessionId":"51ec3c","runId":"pre-fix","timestamp":1781504167016,"location":"WordChecker1_4.CheckTask_1_4_01","message":"result","hypothesisId":"H1","data":{"result":true}}
{"sessionId":"51ec3c","runId":"pre-fix","timestamp":1781504167111,"location":"WordChecker1_4.CheckTask_1_4_02","message":"openXmlEval","hypothesisId":"H3","data":{"xmlContainsPhrase":true,"replyOnSonoTa":true,"filePath":"C:\\MOSTest\\Word365\\Tab1\\Project4.docx"}}
{"sessionId":"51ec3c","runId":"pre-fix","timestamp":1781504179189,"location":"WordChecker1_4.CheckTask_1_4_01","message":"commentScanStart","hypothesisId":"H1","data":{"commentCount":3,"filePath":"C:\\MOSTest\\Word365\\Tab1\\Project4.docx"}}
{"sessionId":"51ec3c","runId":"pre-fix","timestamp":1781504179206,"location":"WordChecker1_4.CheckTask_1_4_01","message":"commentEval","hypothesisId":"H1","data":{"index":1,"author":"rabbittest","scope":"生活の中でできるエコ活動","body":"最新の情報を確認","matched":true,"ecoAnchor":true}}
{"sessionId":"51ec3c","runId":"pre-fix","timestamp":1781504179208,"location":"WordChecker1_4.CheckTask_1_4_01","message":"result","hypothesisId":"H1","data":{"result":true}}
{"sessionId":"51ec3c","runId":"pre-fix","timestamp":1781504179304,"location":"WordChecker1_4.CheckTask_1_4_02","message":"openXmlEval","hypothesisId":"H3","data":{"xmlContainsPhrase":true,"replyOnSonoTa":true,"filePath":"C:\\MOSTest\\Word365\\Tab1\\Project4.docx"}}
{"sessionId":"51ec3c","runId":"pre-fix","timestamp":1781504188872,"location":"WordChecker1_4.CheckTask_1_4_01","message":"commentScanStart","hypothesisId":"H1","data":{"commentCount":3,"filePath":"C:\\MOSTest\\Word365\\Tab1\\Project4.docx"}}
{"sessionId":"51ec3c","runId":"pre-fix","timestamp":1781504188882,"location":"WordChecker1_4.CheckTask_1_4_01","message":"commentEval","hypothesisId":"H1","data":{"index":1,"author":"rabbittest","scope":"生活の中でできるエコ活動","body":"最新の情報を確認","matched":true,"ecoAnchor":true}}
{"sessionId":"51ec3c","runId":"pre-fix","timestamp":1781504188882,"location":"WordChecker1_4.CheckTask_1_4_01","message":"result","hypothesisId":"H1","data":{"result":true}}
{"sessionId":"51ec3c","runId":"pre-fix","timestamp":1781504188976,"location":"WordChecker1_4.CheckTask_1_4_02","message":"openXmlEval","hypothesisId":"H3","data":{"xmlContainsPhrase":true,"replyOnSonoTa":true,"filePath":"C:\\MOSTest\\Word365\\Tab1\\Project4.docx"}}
{"sessionId":"51ec3c","runId":"pre-fix","timestamp":1781504194500,"location":"WordChecker1_4.CheckTask_1_4_01","message":"commentScanStart","hypothesisId":"H1","data":{"commentCount":3,"filePath":"C:\\MOSTest\\Word365\\Tab1\\Project4.docx"}}
{"sessionId":"51ec3c","runId":"pre-fix","timestamp":1781504194515,"location":"WordChecker1_4.CheckTask_1_4_01","message":"commentEval","hypothesisId":"H1","data":{"index":1,"author":"rabbittest","scope":"生活の中でできるエコ活動","body":"最新の情報を確認","matched":true,"ecoAnchor":true}}
{"sessionId":"51ec3c","runId":"pre-fix","timestamp":1781504194516,"location":"WordChecker1_4.CheckTask_1_4_01","message":"result","hypothesisId":"H1","data":{"result":true}}
{"sessionId":"51ec3c","runId":"pre-fix","timestamp":1781504194619,"location":"WordChecker1_4.CheckTask_1_4_02","message":"openXmlEval","hypothesisId":"H3","data":{"xmlContainsPhrase":true,"replyOnSonoTa":true,"filePath":"C:\\MOSTest\\Word365\\Tab1\\Project4.docx"}}
{"sessionId":"51ec3c","runId":"pre-fix","timestamp":1781504212320,"location":"WordChecker1_4.CheckTask_1_4_01","message":"commentScanStart","hypothesisId":"H1","data":{"commentCount":3,"filePath":"C:\\MOSTest\\Word365\\Tab1\\Project4.docx"}}
{"sessionId":"51ec3c","runId":"pre-fix","timestamp":1781504212334,"location":"WordChecker1_4.CheckTask_1_4_01","message":"commentEval","hypothesisId":"H1","data":{"index":1,"author":"rabbittest","scope":"生活の中でできるエコ活動","body":"最新の情報を確認","matched":true,"ecoAnchor":true}}
{"sessionId":"51ec3c","runId":"pre-fix","timestamp":1781504212335,"location":"WordChecker1_4.CheckTask_1_4_01","message":"result","hypothesisId":"H1","data":{"result":true}}
{"sessionId":"51ec3c","runId":"pre-fix","timestamp":1781504212433,"location":"WordChecker1_4.CheckTask_1_4_02","message":"openXmlEval","hypothesisId":"H3","data":{"xmlContainsPhrase":true,"replyOnSonoTa":true,"filePath":"C:\\MOSTest\\Word365\\Tab1\\Project4.docx"}}
{"sessionId":"51ec3c","runId":"pre-fix","timestamp":1781504282305,"location":"WordChecker1_4.CheckTask_1_4_01","message":"commentScanStart","hypothesisId":"H1","data":{"commentCount":3,"filePath":"C:\\MOSTest\\Word365\\Tab1\\Project4.docx"}}
{"sessionId":"51ec3c","runId":"pre-fix","timestamp":1781504282321,"location":"WordChecker1_4.CheckTask_1_4_01","message":"commentEval","hypothesisId":"H1","data":{"index":1,"author":"rabbittest","scope":"生活の中でできるエコ活動","body":"最新の情報を確認","matched":true,"ecoAnchor":true}}
{"sessionId":"51ec3c","runId":"pre-fix","timestamp":1781504282321,"location":"WordChecker1_4.CheckTask_1_4_01","message":"result","hypothesisId":"H1","data":{"result":true}}
{"sessionId":"51ec3c","runId":"pre-fix","timestamp":1781504282412,"location":"WordChecker1_4.CheckTask_1_4_02","message":"openXmlEval","hypothesisId":"H3","data":{"xmlContainsPhrase":true,"replyOnSonoTa":true,"filePath":"C:\\MOSTest\\Word365\\Tab1\\Project4.docx"}}
{"sessionId":"51ec3c","runId":"pre-fix","timestamp":1781504321058,"location":"WordChecker1_4.CheckTask_1_4_01","message":"commentScanStart","hypothesisId":"H1","data":{"commentCount":3,"filePath":"C:\\MOSTest\\Word365\\Tab1\\Project4.docx"}}
{"sessionId":"51ec3c","runId":"pre-fix","timestamp":1781504321073,"location":"WordChecker1_4.CheckTask_1_4_01","message":"commentEval","hypothesisId":"H1","data":{"index":1,"author":"rabbittest","scope":"生活の中でできるエコ活動","body":"最新の情報を確認","matched":true,"ecoAnchor":true}}
{"sessionId":"51ec3c","runId":"pre-fix","timestamp":1781504321074,"location":"WordChecker1_4.CheckTask_1_4_01","message":"result","hypothesisId":"H1","data":{"result":true}}
{"sessionId":"51ec3c","runId":"pre-fix","timestamp":1781504321163,"location":"WordChecker1_4.CheckTask_1_4_02","message":"openXmlEval","hypothesisId":"H3","data":{"xmlContainsPhrase":true,"replyOnSonoTa":true,"filePath":"C:\\MOSTest\\Word365\\Tab1\\Project4.docx"}}
{"sessionId":"51ec3c","runId":"pre-fix","timestamp":1781504335026,"location":"WordChecker1_4.CheckTask_1_4_01","message":"commentScanStart","hypothesisId":"H1","data":{"commentCount":3,"filePath":"C:\\MOSTest\\Word365\\Tab1\\Project4.docx"}}
{"sessionId":"51ec3c","runId":"pre-fix","timestamp":1781504335036,"location":"WordChecker1_4.CheckTask_1_4_01","message":"commentEval","hypothesisId":"H1","data":{"index":1,"author":"rabbittest","scope":"生活の中でできるエコ活動","body":"最新の情報を確認","matched":true,"ecoAnchor":true}}
{"sessionId":"51ec3c","runId":"pre-fix","timestamp":1781504335037,"location":"WordChecker1_4.CheckTask_1_4_01","message":"result","hypothesisId":"H1","data":{"result":true}}
{"sessionId":"51ec3c","runId":"pre-fix","timestamp":1781504335129,"location":"WordChecker1_4.CheckTask_1_4_02","message":"openXmlEval","hypothesisId":"H3","data":{"xmlContainsPhrase":true,"replyOnSonoTa":true,"filePath":"C:\\MOSTest\\Word365\\Tab1\\Project4.docx"}}
{"sessionId":"51ec3c","runId":"pre-fix","timestamp":1781504412644,"location":"WordChecker1_4.CheckTask_1_4_01","message":"commentScanStart","hypothesisId":"H1","data":{"commentCount":3,"filePath":"C:\\MOSTest\\Word365\\Tab1\\Project4.docx"}}
{"sessionId":"51ec3c","runId":"pre-fix","timestamp":1781504412655,"location":"WordChecker1_4.CheckTask_1_4_01","message":"commentEval","hypothesisId":"H1","data":{"index":1,"author":"rabbittest","scope":"生活の中でできるエコ活動","body":"最新の情報を確認","matched":true,"ecoAnchor":true}}
{"sessionId":"51ec3c","runId":"pre-fix","timestamp":1781504412656,"location":"WordChecker1_4.CheckTask_1_4_01","message":"result","hypothesisId":"H1","data":{"result":true}}
{"sessionId":"51ec3c","runId":"pre-fix","timestamp":1781504412740,"location":"WordChecker1_4.CheckTask_1_4_02","message":"openXmlEval","hypothesisId":"H3","data":{"xmlContainsPhrase":true,"replyOnSonoTa":true,"filePath":"C:\\MOSTest\\Word365\\Tab1\\Project4.docx"}}
{"sessionId":"51ec3c","runId":"pre-fix","timestamp":1781507972306,"location":"WordChecker1_4.CheckTask_1_4_01","message":"commentScanStart","hypothesisId":"H1","data":{"commentCount":3,"filePath":"C:\\MOSTest\\Word365\\Tab1\\Project4.docx"}}
{"sessionId":"51ec3c","runId":"pre-fix","timestamp":1781507972316,"location":"WordChecker1_4.CheckTask_1_4_01","message":"commentEval","hypothesisId":"H1","data":{"index":1,"author":"rabbittest","scope":"生活の中でできるエコ活動","body":"最新の情報を確認","matched":true,"ecoAnchor":true}}
{"sessionId":"51ec3c","runId":"pre-fix","timestamp":1781507972317,"location":"WordChecker1_4.CheckTask_1_4_01","message":"result","hypothesisId":"H1","data":{"result":true}}
{"sessionId":"51ec3c","runId":"pre-fix","timestamp":1781507972645,"location":"WordChecker1_4.CheckTask_1_4_02","message":"openXmlEval","hypothesisId":"H3","data":{"xmlContainsPhrase":true,"replyOnSonoTa":true,"filePath":"C:\\MOSTest\\Word365\\Tab1\\Project4.docx"}}
