{"sessionId":"340a5e","hypothesisId":"H3_2","location":"WordChecker1_3.CheckTask_1_3_02","message":"state","data":{"fileStateOk":true,"logOk":false,"result":false},"timestamp":1773657079718}
{"sessionId":"340a5e","hypothesisId":"H3_6","location":"WordChecker1_3.CheckTask_1_3_06","message":"result","data":{"anyOk":false},"timestamp":1773657079939}
{"sessionId":"340a5e","hypothesisId":"H3_2","location":"WordChecker1_3.CheckTask_1_3_02","message":"state","data":{"fileStateOk":true,"logOk":false,"result":false},"timestamp":1773657625364}
{"sessionId":"340a5e","hypothesisId":"H3_6","location":"WordChecker1_3.CheckTask_1_3_06","message":"result","data":{"anyOk":false},"timestamp":1773657625555}
{"sessionId":"340a5e","hypothesisId":"H3_2","location":"WordChecker1_3.CheckTask_1_3_02","message":"state","data":{"fileStateOk":true,"logOk":true,"result":true},"timestamp":1773664600267}
{"sessionId":"340a5e","hypothesisId":"H3_6","location":"WordChecker1_3.CheckTask_1_3_06","message":"result","data":{"anyOk":false},"timestamp":1773664600475}
{"sessionId":"340a5e","hypothesisId":"H3_2","location":"WordChecker1_3.CheckTask_1_3_02","message":"state","data":{"fileStateOk":true,"logOk":true,"result":true},"timestamp":1773664619768}
{"sessionId":"340a5e","hypothesisId":"H3_6","location":"WordChecker1_3.CheckTask_1_3_06","message":"result","data":{"anyOk":false},"timestamp":1773664619964}
{"sessionId":"340a5e","hypothesisId":"H3_2","location":"WordChecker1_3.CheckTask_1_3_02","message":"state","data":{"fileStateOk":true,"logOk":true,"result":true},"timestamp":1773664630346}
{"sessionId":"340a5e","hypothesisId":"H3_6","location":"WordChecker1_3.CheckTask_1_3_06","message":"result","data":{"anyOk":false},"timestamp":1773664630553}
{"sessionId":"340a5e","hypothesisId":"H3_2","location":"WordChecker1_3.CheckTask_1_3_02","message":"state","data":{"fileStateOk":true,"logOk":true,"result":true},"timestamp":1773664642797}
{"sessionId":"340a5e","hypothesisId":"H3_6","location":"WordChecker1_3.CheckTask_1_3_06","message":"result","data":{"anyOk":false},"timestamp":1773664643004}
{"sessionId":"340a5e","hypothesisId":"H3_2","location":"WordChecker1_3.CheckTask_1_3_02","message":"state","data":{"fileStateOk":true,"logOk":true,"result":true},"timestamp":1773664921871}
{"sessionId":"340a5e","hypothesisId":"H3_6","location":"WordChecker1_3.CheckTask_1_3_06","message":"result","data":{"anyOk":false},"timestamp":1773664922075}
{"sessionId":"340a5e","hypothesisId":"H3_2","location":"WordChecker1_3.CheckTask_1_3_02","message":"state","data":{"fileStateOk":true,"logOk":true,"result":true},"timestamp":1773665160893}
{"sessionId":"340a5e","hypothesisId":"H3_6","location":"WordChecker1_3.CheckTask_1_3_06","message":"result","data":{"anyOk":false},"timestamp":1773665161098}
{"sessionId":"340a5e","hypothesisId":"H3_2","location":"WordChecker1_3.CheckTask_1_3_02","message":"state","data":{"fileStateOk":true,"logOk":true,"result":true},"timestamp":1773665808771}
{"sessionId":"340a5e","hypothesisId":"H3_6","location":"WordChecker1_3.CheckTask_1_3_06","message":"result","data":{"anyOk":false},"timestamp":1773665809118}
{"sessionId":"340a5e","hypothesisId":"H3_2","location":"WordChecker1_3.CheckTask_1_3_02","message":"state","data":{"fileStateOk":true,"logOk":true,"result":true},"timestamp":1773665830294}
{"sessionId":"340a5e","hypothesisId":"H3_6","location":"WordChecker1_3.CheckTask_1_3_06","message":"result","data":{"anyOk":false},"timestamp":1773665830650}
{"sessionId":"340a5e","hypothesisId":"H0","location":"WordChecker1_1.CheckTask_1_1_05","message":"entry","data":{"filePath":"C:\\MOSTest\\Word365\\Tab1\\Project1.docx"},"timestamp":1774488046424}
{"sessionId":"340a5e","hypothesisId":"H1","location":"WordChecker1_1.CheckTask_1_1_05","message":"target","data":{"targetNull":false},"timestamp":1774488046454}
{"sessionId":"340a5e","hypothesisId":"H2-H4","location":"WordChecker1_1.CheckTask_1_1_05","message":"conditions","data":{"logOk":true,"roughlyCleared":true,"strictlyCleared":true,"passedLogRough":true,"isBold":false,"isItalic":false,"isUnderline":false,"isColorAutomatic":true,"isNormal":true,"styleName":"標準","underline":0},"timestamp":1774488046489}
{"sessionId":"340a5e","hypothesisId":"H0","location":"WordChecker1_2.CheckTask_1_2_03","message":"entry","data":{"filePath":"C:\\MOSTest\\Word365\\Tab1\\Project2.docx"},"timestamp":1774488112649}
{"sessionId":"340a5e","hypothesisId":"H1","message":"document","data":{"documentNull":false},"timestamp":1774488112652}
{"sessionId":"340a5e","hypothesisId":"H2","message":"targetRange","data":{"targetNull":false},"timestamp":1774488112659}
{"sessionId":"340a5e","hypothesisId":"H3","message":"conditions","data":{"isAccent1":false,"isDarker25":true,"isBlue":false,"shade":0,"rgb":-16777216,"result":true},"timestamp":1774488112930}
{"sessionId":"340a5e","hypothesisId":"H25","message":"catch","data":{"ex":"このオブジェクトは、テキストの添付をサポートしていません｡"},"timestamp":1774488113060}
{"sessionId":"340a5e","hypothesisId":"H0","location":"WordChecker1_1.CheckTask_1_1_05","message":"entry","data":{"filePath":"C:\\MOSTest\\Word365\\Tab1\\Project1.docx"},"timestamp":1774488139912}
{"sessionId":"340a5e","hypothesisId":"H1","location":"WordChecker1_1.CheckTask_1_1_05","message":"target","data":{"targetNull":false},"timestamp":1774488139928}
{"sessionId":"340a5e","hypothesisId":"H2-H4","location":"WordChecker1_1.CheckTask_1_1_05","message":"conditions","data":{"logOk":false,"roughlyCleared":false,"strictlyCleared":false,"passedLogRough":false,"isBold":false,"isItalic":false,"isUnderline":true,"isColorAutomatic":false,"isNormal":true,"styleName":"標準","underline":9999999},"timestamp":1774488139942}
{"sessionId":"340a5e","hypothesisId":"H5","location":"WordChecker1_1.CheckTask_1_1_05","message":"return","data":{"result":false},"timestamp":1774488139943}
{"sessionId":"340a5e","hypothesisId":"H0","location":"WordChecker1_2.CheckTask_1_2_03","message":"entry","data":{"filePath":"C:\\MOSTest\\Word365\\Tab1\\Project2.docx"},"timestamp":1774488402202}
{"sessionId":"340a5e","hypothesisId":"H1","message":"document","data":{"documentNull":false},"timestamp":1774488402204}
{"sessionId":"340a5e","hypothesisId":"H2","message":"targetRange","data":{"targetNull":false},"timestamp":1774488402215}
{"sessionId":"340a5e","hypothesisId":"H3","message":"conditions","data":{"isAccent1":true,"isDarker25":true,"isBlue":false,"shade":0,"rgb":-738131969,"result":true},"timestamp":1774488402279}
{"sessionId":"340a5e","hypothesisId":"H25","location":"CheckTask_1_2_05","message":"shape","data":{"shapeNull":false},"timestamp":1774488402339}
{"sessionId":"340a5e","hypothesisId":"H25","message":"font","data":{"size":10.5,"is15pt":false,"isItalic":true,"noBold":true,"noUnderline":true,"result":false},"timestamp":1774488402347}
{"sessionId":"340a5e","hypothesisId":"H3_2","location":"WordChecker1_3.CheckTask_1_3_02","message":"state","data":{"fileStateOk":true,"logOk":false,"result":false},"timestamp":1774488828913}
{"sessionId":"340a5e","hypothesisId":"H3_6","location":"WordChecker1_3.CheckTask_1_3_06","message":"result","data":{"anyOk":false},"timestamp":1774488829277}
{"sessionId":"340a5e","hypothesisId":"H3_2","location":"WordChecker1_3.CheckTask_1_3_02","message":"state","data":{"fileStateOk":true,"logOk":true,"result":true},"timestamp":1774488844947}
{"sessionId":"340a5e","hypothesisId":"H3_6","location":"WordChecker1_3.CheckTask_1_3_06","message":"result","data":{"anyOk":false},"timestamp":1774488845183}
{"sessionId":"340a5e","hypothesisId":"H3_2","location":"WordChecker1_3.CheckTask_1_3_02","message":"state","data":{"fileStateOk":true,"logOk":true,"result":true},"timestamp":1774488858028}
{"sessionId":"340a5e","hypothesisId":"H3_6","location":"WordChecker1_3.CheckTask_1_3_06","message":"result","data":{"anyOk":false},"timestamp":1774488858303}
{"sessionId":"340a5e","hypothesisId":"H3_2","location":"WordChecker1_3.CheckTask_1_3_02","message":"state","data":{"fileStateOk":true,"logOk":true,"result":true},"timestamp":1774488948755}
{"sessionId":"340a5e","hypothesisId":"H3_6","location":"WordChecker1_3.CheckTask_1_3_06","message":"result","data":{"anyOk":false},"timestamp":1774488949007}
{"sessionId":"340a5e","hypothesisId":"H3_2","location":"WordChecker1_3.CheckTask_1_3_02","message":"state","data":{"fileStateOk":true,"logOk":true,"result":true},"timestamp":1774489029887}
{"sessionId":"340a5e","hypothesisId":"H3_6","location":"WordChecker1_3.CheckTask_1_3_06","message":"result","data":{"anyOk":false},"timestamp":1774489030183}
{"sessionId":"340a5e","hypothesisId":"H3_2","location":"WordChecker1_3.CheckTask_1_3_02","message":"state","data":{"fileStateOk":true,"logOk":true,"result":true},"timestamp":1774489035904}
{"sessionId":"340a5e","hypothesisId":"H3_6","location":"WordChecker1_3.CheckTask_1_3_06","message":"result","data":{"anyOk":false},"timestamp":1774489036158}
{"sessionId":"340a5e","hypothesisId":"H3_2","location":"WordChecker1_3.CheckTask_1_3_02","message":"state","data":{"fileStateOk":true,"logOk":true,"result":true},"timestamp":1774489043001}
{"sessionId":"340a5e","hypothesisId":"H3_6","location":"WordChecker1_3.CheckTask_1_3_06","message":"result","data":{"anyOk":false},"timestamp":1774489043334}
{"sessionId":"340a5e","hypothesisId":"H3_2","location":"WordChecker1_3.CheckTask_1_3_02","message":"state","data":{"fileStateOk":true,"logOk":true,"result":true},"timestamp":1774489122923}
{"sessionId":"340a5e","hypothesisId":"H3_6","location":"WordChecker1_3.CheckTask_1_3_06","message":"result","data":{"anyOk":false},"timestamp":1774489123171}
{"sessionId":"340a5e","hypothesisId":"H3_2","location":"WordChecker1_3.CheckTask_1_3_02","message":"state","data":{"fileStateOk":true,"logOk":true,"result":true},"timestamp":1774489186080}
{"sessionId":"340a5e","hypothesisId":"H3_6","location":"WordChecker1_3.CheckTask_1_3_06","message":"result","data":{"anyOk":false},"timestamp":1774489186370}
{"sessionId":"340a5e","hypothesisId":"H0","location":"WordChecker1_1.CheckTask_1_1_05","message":"entry","data":{"filePath":"C:\\MOSTest\\Word365\\Tab1\\Project1.docx"},"timestamp":1774504135817}
{"sessionId":"340a5e","hypothesisId":"H1","location":"WordChecker1_1.CheckTask_1_1_05","message":"target","data":{"targetNull":false},"timestamp":1774504135834}
{"sessionId":"340a5e","hypothesisId":"H2-H4","location":"WordChecker1_1.CheckTask_1_1_05","message":"conditions","data":{"logOk":false,"roughlyCleared":true,"strictlyCleared":true,"passedLogRough":false,"isBold":false,"isItalic":false,"isUnderline":false,"isColorAutomatic":true,"isNormal":true,"styleName":"標準","underline":0},"timestamp":1774504135873}
{"sessionId":"340a5e","hypothesisId":"H5","location":"WordChecker1_1.CheckTask_1_1_05","message":"return","data":{"result":true},"timestamp":1774504135873}
{"sessionId":"340a5e","hypothesisId":"H0","location":"WordChecker1_1.CheckTask_1_1_05","message":"entry","data":{"filePath":"C:\\MOSTest\\Word365\\Tab1\\Project1.docx"},"timestamp":1774504142502}
{"sessionId":"340a5e","hypothesisId":"H1","location":"WordChecker1_1.CheckTask_1_1_05","message":"target","data":{"targetNull":false},"timestamp":1774504142520}
{"sessionId":"340a5e","hypothesisId":"H2-H4","location":"WordChecker1_1.CheckTask_1_1_05","message":"conditions","data":{"logOk":false,"roughlyCleared":true,"strictlyCleared":true,"passedLogRough":false,"isBold":false,"isItalic":false,"isUnderline":false,"isColorAutomatic":true,"isNormal":true,"styleName":"標準","underline":0},"timestamp":1774504142553}
{"sessionId":"340a5e","hypothesisId":"H5","location":"WordChecker1_1.CheckTask_1_1_05","message":"return","data":{"result":true},"timestamp":1774504142554}
{"sessionId":"340a5e","hypothesisId":"H0","location":"WordChecker1_1.CheckTask_1_1_05","message":"entry","data":{"filePath":"C:\\MOSTest\\Word365\\Tab1\\Project1.docx"},"timestamp":1774507223595}
{"sessionId":"340a5e","hypothesisId":"H1","location":"WordChecker1_1.CheckTask_1_1_05","message":"target","data":{"targetNull":false},"timestamp":1774507223616}
{"sessionId":"340a5e","hypothesisId":"H2-H4","location":"WordChecker1_1.CheckTask_1_1_05","message":"conditions","data":{"logOk":false,"roughlyCleared":true,"strictlyCleared":true,"passedLogRough":false,"isBold":false,"isItalic":false,"isUnderline":false,"isColorAutomatic":true,"isNormal":true,"styleName":"標準","underline":0},"timestamp":1774507223639}
{"sessionId":"340a5e","hypothesisId":"H5","location":"WordChecker1_1.CheckTask_1_1_05","message":"return","data":{"result":true},"timestamp":1774507223639}
{"sessionId":"340a5e","hypothesisId":"H0","location":"WordChecker1_1.CheckTask_1_1_05","message":"entry","data":{"filePath":"C:\\MOSTest\\Word365\\Tab1\\Project1.docx"},"timestamp":1774507229597}
{"sessionId":"340a5e","hypothesisId":"H1","location":"WordChecker1_1.CheckTask_1_1_05","message":"target","data":{"targetNull":false},"timestamp":1774507229619}
{"sessionId":"340a5e","hypothesisId":"H2-H4","location":"WordChecker1_1.CheckTask_1_1_05","message":"conditions","data":{"logOk":false,"roughlyCleared":true,"strictlyCleared":true,"passedLogRough":false,"isBold":false,"isItalic":false,"isUnderline":false,"isColorAutomatic":true,"isNormal":true,"styleName":"標準","underline":0},"timestamp":1774507229660}
{"sessionId":"340a5e","hypothesisId":"H5","location":"WordChecker1_1.CheckTask_1_1_05","message":"return","data":{"result":true},"timestamp":1774507229661}
{"sessionId":"340a5e","hypothesisId":"H0","location":"WordChecker1_1.CheckTask_1_1_05","message":"entry","data":{"filePath":"C:\\MOSTest\\Word365\\Tab1\\Project1.docx"},"timestamp":1774508698860}
{"sessionId":"340a5e","hypothesisId":"H1","location":"WordChecker1_1.CheckTask_1_1_05","message":"target","data":{"targetNull":false},"timestamp":1774508698881}
{"sessionId":"340a5e","hypothesisId":"H2-H4","location":"WordChecker1_1.CheckTask_1_1_05","message":"conditions","data":{"logOk":false,"roughlyCleared":true,"strictlyCleared":true,"passedLogRough":false,"isBold":false,"isItalic":false,"isUnderline":false,"isColorAutomatic":true,"isNormal":true,"styleName":"標準","underline":0},"timestamp":1774508698924}
{"sessionId":"340a5e","hypothesisId":"H5","location":"WordChecker1_1.CheckTask_1_1_05","message":"return","data":{"result":true},"timestamp":1774508698924}
{"sessionId":"340a5e","hypothesisId":"H0","location":"WordChecker1_1.CheckTask_1_1_05","message":"entry","data":{"filePath":"C:\\MOSTest\\Word365\\Tab1\\Project1.docx"},"timestamp":1774511705675}
{"sessionId":"340a5e","hypothesisId":"H1","location":"WordChecker1_1.CheckTask_1_1_05","message":"target","data":{"targetNull":false},"timestamp":1774511705696}
{"sessionId":"340a5e","hypothesisId":"H2-H4","location":"WordChecker1_1.CheckTask_1_1_05","message":"conditions","data":{"logOk":false,"roughlyCleared":true,"strictlyCleared":true,"passedLogRough":false,"isBold":false,"isItalic":false,"isUnderline":false,"isColorAutomatic":true,"isNormal":true,"styleName":"標準","underline":0},"timestamp":1774511705735}
{"sessionId":"340a5e","hypothesisId":"H5","location":"WordChecker1_1.CheckTask_1_1_05","message":"return","data":{"result":true},"timestamp":1774511705735}
{"sessionId":"340a5e","hypothesisId":"H0","location":"WordChecker1_1.CheckTask_1_1_05","message":"entry","data":{"filePath":"C:\\MOSTest\\Word365\\Tab1\\Project1.docx"},"timestamp":1774513495893}
{"sessionId":"340a5e","hypothesisId":"H1","location":"WordChecker1_1.CheckTask_1_1_05","message":"target","data":{"targetNull":false},"timestamp":1774513495918}
{"sessionId":"340a5e","hypothesisId":"H2-H4","location":"WordChecker1_1.CheckTask_1_1_05","message":"conditions","data":{"logOk":false,"roughlyCleared":true,"strictlyCleared":true,"passedLogRough":false,"isBold":false,"isItalic":false,"isUnderline":false,"isColorAutomatic":true,"isNormal":true,"styleName":"標準","underline":0},"timestamp":1774513495985}
{"sessionId":"340a5e","hypothesisId":"H5","location":"WordChecker1_1.CheckTask_1_1_05","message":"return","data":{"result":true},"timestamp":1774513495985}
{"sessionId":"340a5e","hypothesisId":"H0","location":"WordChecker1_1.CheckTask_1_1_05","message":"entry","data":{"filePath":"C:\\MOSTest\\Word365\\Tab1\\Project1.docx"},"timestamp":1774514267326}
{"sessionId":"340a5e","hypothesisId":"H1","location":"WordChecker1_1.CheckTask_1_1_05","message":"target","data":{"targetNull":false},"timestamp":1774514267347}
{"sessionId":"340a5e","hypothesisId":"H2-H4","location":"WordChecker1_1.CheckTask_1_1_05","message":"conditions","data":{"logOk":false,"roughlyCleared":true,"strictlyCleared":true,"passedLogRough":false,"isBold":false,"isItalic":false,"isUnderline":false,"isColorAutomatic":true,"isNormal":true,"styleName":"標準","underline":0},"timestamp":1774514267369}
{"sessionId":"340a5e","hypothesisId":"H5","location":"WordChecker1_1.CheckTask_1_1_05","message":"return","data":{"result":true},"timestamp":1774514267370}
{"sessionId":"340a5e","hypothesisId":"H0","location":"WordChecker1_1.CheckTask_1_1_05","message":"entry","data":{"filePath":"C:\\MOSTest\\Word365\\Tab1\\Project1.docx"},"timestamp":1774574135705}
{"sessionId":"340a5e","hypothesisId":"H1","location":"WordChecker1_1.CheckTask_1_1_05","message":"target","data":{"targetNull":false},"timestamp":1774574135723}
{"sessionId":"340a5e","hypothesisId":"H2-H4","location":"WordChecker1_1.CheckTask_1_1_05","message":"conditions","data":{"logOk":false,"roughlyCleared":true,"strictlyCleared":true,"passedLogRough":false,"isBold":false,"isItalic":false,"isUnderline":false,"isColorAutomatic":true,"isNormal":true,"styleName":"標準","underline":0},"timestamp":1774574135758}
{"sessionId":"340a5e","hypothesisId":"H5","location":"WordChecker1_1.CheckTask_1_1_05","message":"return","data":{"result":true},"timestamp":1774574135758}
{"sessionId":"340a5e","hypothesisId":"H0","location":"WordChecker1_1.CheckTask_1_1_05","message":"entry","data":{"filePath":"C:\\MOSTest\\Word365\\Tab1\\Project1.docx"},"timestamp":1774574149735}
{"sessionId":"340a5e","hypothesisId":"H1","location":"WordChecker1_1.CheckTask_1_1_05","message":"target","data":{"targetNull":false},"timestamp":1774574149754}
{"sessionId":"340a5e","hypothesisId":"H2-H4","location":"WordChecker1_1.CheckTask_1_1_05","message":"conditions","data":{"logOk":false,"roughlyCleared":false,"strictlyCleared":false,"passedLogRough":false,"isBold":false,"isItalic":false,"isUnderline":true,"isColorAutomatic":false,"isNormal":true,"styleName":"標準","underline":9999999},"timestamp":1774574149788}
{"sessionId":"340a5e","hypothesisId":"H5","location":"WordChecker1_1.CheckTask_1_1_05","message":"return","data":{"result":false},"timestamp":1774574149788}
{"sessionId":"340a5e","hypothesisId":"H0","location":"WordChecker1_1.CheckTask_1_1_05","message":"entry","data":{"filePath":"C:\\MOSTest\\Word365\\Tab1\\Project1.docx"},"timestamp":1774574155386}
{"sessionId":"340a5e","hypothesisId":"H1","location":"WordChecker1_1.CheckTask_1_1_05","message":"target","data":{"targetNull":false},"timestamp":1774574155428}
{"sessionId":"340a5e","hypothesisId":"H2-H4","location":"WordChecker1_1.CheckTask_1_1_05","message":"conditions","data":{"logOk":false,"roughlyCleared":false,"strictlyCleared":false,"passedLogRough":false,"isBold":false,"isItalic":false,"isUnderline":true,"isColorAutomatic":false,"isNormal":true,"styleName":"標準","underline":9999999},"timestamp":1774574155464}
{"sessionId":"340a5e","hypothesisId":"H5","location":"WordChecker1_1.CheckTask_1_1_05","message":"return","data":{"result":false},"timestamp":1774574155464}
{"sessionId":"340a5e","hypothesisId":"H0","location":"WordChecker1_1.CheckTask_1_1_05","message":"entry","data":{"filePath":"C:\\MOSTest\\Word365\\Tab1\\Project1.docx"},"timestamp":1774574160306}
{"sessionId":"340a5e","hypothesisId":"H1","location":"WordChecker1_1.CheckTask_1_1_05","message":"target","data":{"targetNull":false},"timestamp":1774574160329}
{"sessionId":"340a5e","hypothesisId":"H2-H4","location":"WordChecker1_1.CheckTask_1_1_05","message":"conditions","data":{"logOk":false,"roughlyCleared":false,"strictlyCleared":false,"passedLogRough":false,"isBold":false,"isItalic":false,"isUnderline":true,"isColorAutomatic":false,"isNormal":true,"styleName":"標準","underline":9999999},"timestamp":1774574160361}
{"sessionId":"340a5e","hypothesisId":"H5","location":"WordChecker1_1.CheckTask_1_1_05","message":"return","data":{"result":false},"timestamp":1774574160361}
{"sessionId":"340a5e","hypothesisId":"H0","location":"WordChecker1_1.CheckTask_1_1_05","message":"entry","data":{"filePath":"C:\\MOSTest\\Word365\\Tab1\\Project1.docx"},"timestamp":1774574163882}
{"sessionId":"340a5e","hypothesisId":"H1","location":"WordChecker1_1.CheckTask_1_1_05","message":"target","data":{"targetNull":false},"timestamp":1774574163897}
{"sessionId":"340a5e","hypothesisId":"H2-H4","location":"WordChecker1_1.CheckTask_1_1_05","message":"conditions","data":{"logOk":false,"roughlyCleared":false,"strictlyCleared":false,"passedLogRough":false,"isBold":false,"isItalic":false,"isUnderline":true,"isColorAutomatic":false,"isNormal":true,"styleName":"標準","underline":9999999},"timestamp":1774574163930}
{"sessionId":"340a5e","hypothesisId":"H5","location":"WordChecker1_1.CheckTask_1_1_05","message":"return","data":{"result":false},"timestamp":1774574163930}
{"sessionId":"340a5e","hypothesisId":"H0","location":"WordChecker1_1.CheckTask_1_1_05","message":"entry","data":{"filePath":"C:\\MOSTest\\Word365\\Tab1\\Project1.docx"},"timestamp":1774574177013}
{"sessionId":"340a5e","hypothesisId":"H1","location":"WordChecker1_1.CheckTask_1_1_05","message":"target","data":{"targetNull":false},"timestamp":1774574177029}
{"sessionId":"340a5e","hypothesisId":"H2-H4","location":"WordChecker1_1.CheckTask_1_1_05","message":"conditions","data":{"logOk":false,"roughlyCleared":false,"strictlyCleared":false,"passedLogRough":false,"isBold":false,"isItalic":false,"isUnderline":true,"isColorAutomatic":false,"isNormal":true,"styleName":"標準","underline":9999999},"timestamp":1774574177059}
{"sessionId":"340a5e","hypothesisId":"H5","location":"WordChecker1_1.CheckTask_1_1_05","message":"return","data":{"result":false},"timestamp":1774574177059}
{"sessionId":"340a5e","hypothesisId":"H0","location":"WordChecker1_1.CheckTask_1_1_05","message":"entry","data":{"filePath":"C:\\MOSTest\\Word365\\Tab1\\Project1.docx"},"timestamp":1774574181302}
{"sessionId":"340a5e","hypothesisId":"H1","location":"WordChecker1_1.CheckTask_1_1_05","message":"target","data":{"targetNull":false},"timestamp":1774574181318}
{"sessionId":"340a5e","hypothesisId":"H2-H4","location":"WordChecker1_1.CheckTask_1_1_05","message":"conditions","data":{"logOk":false,"roughlyCleared":false,"strictlyCleared":false,"passedLogRough":false,"isBold":false,"isItalic":false,"isUnderline":true,"isColorAutomatic":false,"isNormal":true,"styleName":"標準","underline":9999999},"timestamp":1774574181353}
{"sessionId":"340a5e","hypothesisId":"H5","location":"WordChecker1_1.CheckTask_1_1_05","message":"return","data":{"result":false},"timestamp":1774574181353}
{"sessionId":"340a5e","hypothesisId":"H0","location":"WordChecker1_1.CheckTask_1_1_05","message":"entry","data":{"filePath":"C:\\MOSTest\\Word365\\Tab1\\Project1.docx"},"timestamp":1774574197711}
{"sessionId":"340a5e","hypothesisId":"H1","location":"WordChecker1_1.CheckTask_1_1_05","message":"target","data":{"targetNull":false},"timestamp":1774574197728}
{"sessionId":"340a5e","hypothesisId":"H2-H4","location":"WordChecker1_1.CheckTask_1_1_05","message":"conditions","data":{"logOk":false,"roughlyCleared":false,"strictlyCleared":false,"passedLogRough":false,"isBold":false,"isItalic":false,"isUnderline":true,"isColorAutomatic":false,"isNormal":true,"styleName":"標準","underline":9999999},"timestamp":1774574197757}
{"sessionId":"340a5e","hypothesisId":"H5","location":"WordChecker1_1.CheckTask_1_1_05","message":"return","data":{"result":false},"timestamp":1774574197757}
{"sessionId":"340a5e","hypothesisId":"H0","location":"WordChecker1_1.CheckTask_1_1_05","message":"entry","data":{"filePath":"C:\\MOSTest\\Word365\\Tab1\\Project1.docx"},"timestamp":1774574204097}
{"sessionId":"340a5e","hypothesisId":"H1","location":"WordChecker1_1.CheckTask_1_1_05","message":"target","data":{"targetNull":false},"timestamp":1774574204112}
{"sessionId":"340a5e","hypothesisId":"H2-H4","location":"WordChecker1_1.CheckTask_1_1_05","message":"conditions","data":{"logOk":false,"roughlyCleared":false,"strictlyCleared":false,"passedLogRough":false,"isBold":false,"isItalic":false,"isUnderline":true,"isColorAutomatic":false,"isNormal":true,"styleName":"標準","underline":9999999},"timestamp":1774574204143}
{"sessionId":"340a5e","hypothesisId":"H5","location":"WordChecker1_1.CheckTask_1_1_05","message":"return","data":{"result":false},"timestamp":1774574204143}
{"sessionId":"340a5e","hypothesisId":"H0","location":"WordChecker1_1.CheckTask_1_1_05","message":"entry","data":{"filePath":"C:\\MOSTest\\Word365\\Tab1\\Project1.docx"},"timestamp":1774574222318}
{"sessionId":"340a5e","hypothesisId":"H1","location":"WordChecker1_1.CheckTask_1_1_05","message":"target","data":{"targetNull":false},"timestamp":1774574222333}
{"sessionId":"340a5e","hypothesisId":"H2-H4","location":"WordChecker1_1.CheckTask_1_1_05","message":"conditions","data":{"logOk":false,"roughlyCleared":false,"strictlyCleared":false,"passedLogRough":false,"isBold":false,"isItalic":false,"isUnderline":true,"isColorAutomatic":false,"isNormal":true,"styleName":"標準","underline":9999999},"timestamp":1774574222363}
{"sessionId":"340a5e","hypothesisId":"H5","location":"WordChecker1_1.CheckTask_1_1_05","message":"return","data":{"result":false},"timestamp":1774574222363}
{"sessionId":"340a5e","hypothesisId":"H0","location":"WordChecker1_1.CheckTask_1_1_05","message":"entry","data":{"filePath":"C:\\MOSTest\\Word365\\Tab1\\Project1.docx"},"timestamp":1774574230682}
{"sessionId":"340a5e","hypothesisId":"H1","location":"WordChecker1_1.CheckTask_1_1_05","message":"target","data":{"targetNull":false},"timestamp":1774574230697}
{"sessionId":"340a5e","hypothesisId":"H2-H4","location":"WordChecker1_1.CheckTask_1_1_05","message":"conditions","data":{"logOk":false,"roughlyCleared":true,"strictlyCleared":true,"passedLogRough":false,"isBold":false,"isItalic":false,"isUnderline":false,"isColorAutomatic":true,"isNormal":true,"styleName":"標準","underline":0},"timestamp":1774574230727}
{"sessionId":"340a5e","hypothesisId":"H5","location":"WordChecker1_1.CheckTask_1_1_05","message":"return","data":{"result":true},"timestamp":1774574230727}
{"sessionId":"340a5e","hypothesisId":"H0","location":"WordChecker1_2.CheckTask_1_2_03","message":"entry","data":{"filePath":"C:\\MOSTest\\Word365\\Tab1\\Project2.docx"},"timestamp":1774574289465}
{"sessionId":"340a5e","hypothesisId":"H1","message":"document","data":{"documentNull":false},"timestamp":1774574289469}
{"sessionId":"340a5e","hypothesisId":"H2","message":"targetRange","data":{"targetNull":false},"timestamp":1774574289478}
{"sessionId":"340a5e","hypothesisId":"H3","message":"conditions","data":{"isAccent1":false,"isDarker25":false,"isBlue":false,"logOk":false,"shade":0,"rgb":-16777216,"result":false},"timestamp":1774574289718}
{"sessionId":"340a5e","hypothesisId":"H25","message":"catch","data":{"ex":"このオブジェクトは、テキストの添付をサポートしていません｡"},"timestamp":1774574289859}
{"sessionId":"340a5e","hypothesisId":"H0","location":"WordChecker1_2.CheckTask_1_2_03","message":"entry","data":{"filePath":"C:\\MOSTest\\Word365\\Tab1\\Project2.docx"},"timestamp":1774574357776}
{"sessionId":"340a5e","hypothesisId":"H1","message":"document","data":{"documentNull":false},"timestamp":1774574357779}
{"sessionId":"340a5e","hypothesisId":"H2","message":"targetRange","data":{"targetNull":false},"timestamp":1774574357787}
{"sessionId":"340a5e","hypothesisId":"H3","message":"conditions","data":{"isAccent1":false,"isDarker25":false,"isBlue":false,"logOk":false,"shade":0,"rgb":-16777216,"result":false},"timestamp":1774574357859}
{"sessionId":"340a5e","hypothesisId":"H25","message":"catch","data":{"ex":"このオブジェクトは、テキストの添付をサポートしていません｡"},"timestamp":1774574357922}
{"sessionId":"340a5e","hypothesisId":"H0","location":"WordChecker1_2.CheckTask_1_2_03","message":"entry","data":{"filePath":"C:\\MOSTest\\Word365\\Tab1\\Project2.docx"},"timestamp":1774574369107}
{"sessionId":"340a5e","hypothesisId":"H1","message":"document","data":{"documentNull":false},"timestamp":1774574369110}
{"sessionId":"340a5e","hypothesisId":"H2","message":"targetRange","data":{"targetNull":false},"timestamp":1774574369119}
{"sessionId":"340a5e","hypothesisId":"H3","message":"conditions","data":{"isAccent1":false,"isDarker25":false,"isBlue":false,"logOk":false,"shade":0,"rgb":-16777216,"result":false},"timestamp":1774574369223}
{"sessionId":"340a5e","hypothesisId":"H25","message":"catch","data":{"ex":"このオブジェクトは、テキストの添付をサポートしていません｡"},"timestamp":1774574369285}
{"sessionId":"340a5e","hypothesisId":"H0","location":"WordChecker1_2.CheckTask_1_2_03","message":"entry","data":{"filePath":"C:\\MOSTest\\Word365\\Tab1\\Project2.docx"},"timestamp":1774574380915}
{"sessionId":"340a5e","hypothesisId":"H1","message":"document","data":{"documentNull":false},"timestamp":1774574380919}
{"sessionId":"340a5e","hypothesisId":"H2","message":"targetRange","data":{"targetNull":false},"timestamp":1774574380928}
{"sessionId":"340a5e","hypothesisId":"H3","message":"conditions","data":{"isAccent1":false,"isDarker25":false,"isBlue":false,"logOk":false,"shade":0,"rgb":255,"result":false},"timestamp":1774574381001}
{"sessionId":"340a5e","hypothesisId":"H25","message":"catch","data":{"ex":"このオブジェクトは、テキストの添付をサポートしていません｡"},"timestamp":1774574381064}
{"sessionId":"340a5e","hypothesisId":"H0","location":"WordChecker1_2.CheckTask_1_2_03","message":"entry","data":{"filePath":"C:\\MOSTest\\Word365\\Tab1\\Project2.docx"},"timestamp":1774574388018}
{"sessionId":"340a5e","hypothesisId":"H1","message":"document","data":{"documentNull":false},"timestamp":1774574388021}
{"sessionId":"340a5e","hypothesisId":"H2","message":"targetRange","data":{"targetNull":false},"timestamp":1774574388030}
{"sessionId":"340a5e","hypothesisId":"H3","message":"conditions","data":{"isAccent1":true,"isDarker25":false,"isBlue":false,"logOk":false,"shade":0,"rgb":-738131969,"result":false},"timestamp":1774574388079}
{"sessionId":"340a5e","hypothesisId":"H25","message":"catch","data":{"ex":"このオブジェクトは、テキストの添付をサポートしていません｡"},"timestamp":1774574388145}
{"sessionId":"340a5e","hypothesisId":"H0","location":"WordChecker1_2.CheckTask_1_2_03","message":"entry","data":{"filePath":"C:\\MOSTest\\Word365\\Tab1\\Project2.docx"},"timestamp":1774574395295}
{"sessionId":"340a5e","hypothesisId":"H1","message":"document","data":{"documentNull":false},"timestamp":1774574395298}
{"sessionId":"340a5e","hypothesisId":"H2","message":"targetRange","data":{"targetNull":false},"timestamp":1774574395309}
{"sessionId":"340a5e","hypothesisId":"H3","message":"conditions","data":{"isAccent1":true,"isDarker25":false,"isBlue":false,"logOk":false,"shade":0,"rgb":-738131969,"result":false},"timestamp":1774574395359}
{"sessionId":"340a5e","hypothesisId":"H25","message":"catch","data":{"ex":"このオブジェクトは、テキストの添付をサポートしていません｡"},"timestamp":1774574395428}
{"sessionId":"340a5e","hypothesisId":"H0","location":"WordChecker1_2.CheckTask_1_2_03","message":"entry","data":{"filePath":"C:\\MOSTest\\Word365\\Tab1\\Project2.docx"},"timestamp":1774574436206}
{"sessionId":"340a5e","hypothesisId":"H1","message":"document","data":{"documentNull":false},"timestamp":1774574436209}
{"sessionId":"340a5e","hypothesisId":"H2","message":"targetRange","data":{"targetNull":false},"timestamp":1774574436220}
{"sessionId":"340a5e","hypothesisId":"H3","message":"conditions","data":{"isAccent1":true,"isDarker25":false,"isBlue":false,"logOk":false,"shade":0,"rgb":-738131969,"result":false},"timestamp":1774574436286}
{"sessionId":"340a5e","hypothesisId":"H25","location":"CheckTask_1_2_05","message":"shape","data":{"shapeNull":false},"timestamp":1774574436341}
{"sessionId":"340a5e","hypothesisId":"H25","message":"font","data":{"size":10.5,"is15pt":false,"isItalic":false,"noBold":true,"noUnderline":true,"result":false},"timestamp":1774574436349}
{"sessionId":"340a5e","hypothesisId":"H0","location":"WordChecker1_2.CheckTask_1_2_03","message":"entry","data":{"filePath":"C:\\MOSTest\\Word365\\Tab1\\Project2.docx"},"timestamp":1774574461328}
{"sessionId":"340a5e","hypothesisId":"H1","message":"document","data":{"documentNull":false},"timestamp":1774574461332}
{"sessionId":"340a5e","hypothesisId":"H2","message":"targetRange","data":{"targetNull":false},"timestamp":1774574461344}
{"sessionId":"340a5e","hypothesisId":"H3","message":"conditions","data":{"isAccent1":true,"isDarker25":false,"isBlue":false,"logOk":false,"shade":0,"rgb":-738131969,"result":false},"timestamp":1774574461409}
{"sessionId":"340a5e","hypothesisId":"H25","location":"CheckTask_1_2_05","message":"shape","data":{"shapeNull":false},"timestamp":1774574461467}
{"sessionId":"340a5e","hypothesisId":"H25","message":"font","data":{"size":15,"is15pt":true,"isItalic":true,"noBold":true,"noUnderline":true,"result":true},"timestamp":1774574461475}
{"sessionId":"340a5e","hypothesisId":"H3_2","location":"WordChecker1_3.CheckTask_1_3_02","message":"state","data":{"fileStateOk":false,"logOk":true,"result":false},"timestamp":1774574525307}
{"sessionId":"340a5e","hypothesisId":"H3_6","location":"WordChecker1_3.CheckTask_1_3_06","message":"result","data":{"anyOk":false},"timestamp":1774574525746}
{"sessionId":"340a5e","hypothesisId":"H3_2","location":"WordChecker1_3.CheckTask_1_3_02","message":"state","data":{"fileStateOk":false,"logOk":true,"result":false},"timestamp":1774574535063}
{"sessionId":"340a5e","hypothesisId":"H3_6","location":"WordChecker1_3.CheckTask_1_3_06","message":"result","data":{"anyOk":false},"timestamp":1774574535428}
{"sessionId":"340a5e","hypothesisId":"H3_2","location":"WordChecker1_3.CheckTask_1_3_02","message":"state","data":{"fileStateOk":false,"logOk":true,"result":false},"timestamp":1774574542465}
{"sessionId":"340a5e","hypothesisId":"H3_6","location":"WordChecker1_3.CheckTask_1_3_06","message":"result","data":{"anyOk":false},"timestamp":1774574542822}
{"sessionId":"340a5e","hypothesisId":"H3_2","location":"WordChecker1_3.CheckTask_1_3_02","message":"state","data":{"fileStateOk":false,"logOk":true,"result":false},"timestamp":1774574547027}
{"sessionId":"340a5e","hypothesisId":"H3_6","location":"WordChecker1_3.CheckTask_1_3_06","message":"result","data":{"anyOk":false},"timestamp":1774574547392}
{"sessionId":"340a5e","hypothesisId":"H3_2","location":"WordChecker1_3.CheckTask_1_3_02","message":"state","data":{"fileStateOk":false,"logOk":true,"result":false},"timestamp":1774574561607}
{"sessionId":"340a5e","hypothesisId":"H3_6","location":"WordChecker1_3.CheckTask_1_3_06","message":"result","data":{"anyOk":false},"timestamp":1774574561850}
{"sessionId":"340a5e","hypothesisId":"H3_2","location":"WordChecker1_3.CheckTask_1_3_02","message":"state","data":{"fileStateOk":true,"logOk":true,"result":true},"timestamp":1774574581735}
{"sessionId":"340a5e","hypothesisId":"H3_6","location":"WordChecker1_3.CheckTask_1_3_06","message":"result","data":{"anyOk":false},"timestamp":1774574581985}
{"sessionId":"340a5e","hypothesisId":"H3_2","location":"WordChecker1_3.CheckTask_1_3_02","message":"state","data":{"fileStateOk":false,"logOk":true,"result":false},"timestamp":1774574668753}
{"sessionId":"340a5e","hypothesisId":"H3_6","location":"WordChecker1_3.CheckTask_1_3_06","message":"result","data":{"anyOk":false},"timestamp":1774574668990}
{"sessionId":"340a5e","hypothesisId":"H3_2","location":"WordChecker1_3.CheckTask_1_3_02","message":"state","data":{"fileStateOk":true,"logOk":true,"result":true},"timestamp":1774574679645}
{"sessionId":"340a5e","hypothesisId":"H3_6","location":"WordChecker1_3.CheckTask_1_3_06","message":"result","data":{"anyOk":false},"timestamp":1774574679919}
{"sessionId":"340a5e","hypothesisId":"H3_2","location":"WordChecker1_3.CheckTask_1_3_02","message":"state","data":{"fileStateOk":false,"logOk":true,"result":false},"timestamp":1774574721323}
{"sessionId":"340a5e","hypothesisId":"H3_6","location":"WordChecker1_3.CheckTask_1_3_06","message":"result","data":{"anyOk":false},"timestamp":1774574721564}
{"sessionId":"340a5e","hypothesisId":"H3_2","location":"WordChecker1_3.CheckTask_1_3_02","message":"state","data":{"fileStateOk":false,"logOk":true,"result":false},"timestamp":1774574752253}
{"sessionId":"340a5e","hypothesisId":"H3_6","location":"WordChecker1_3.CheckTask_1_3_06","message":"result","data":{"anyOk":false},"timestamp":1774574752504}
{"sessionId":"340a5e","hypothesisId":"H3_2","location":"WordChecker1_3.CheckTask_1_3_02","message":"state","data":{"fileStateOk":true,"logOk":true,"result":true},"timestamp":1774574767000}
{"sessionId":"340a5e","hypothesisId":"H3_6","location":"WordChecker1_3.CheckTask_1_3_06","message":"result","data":{"anyOk":false},"timestamp":1774574767266}
{"sessionId":"340a5e","hypothesisId":"H3_2","location":"WordChecker1_3.CheckTask_1_3_02","message":"state","data":{"fileStateOk":true,"logOk":true,"result":true},"timestamp":1774574781596}
{"sessionId":"340a5e","hypothesisId":"H3_6","location":"WordChecker1_3.CheckTask_1_3_06","message":"result","data":{"anyOk":false},"timestamp":1774574781865}
{"sessionId":"340a5e","hypothesisId":"H3_2","location":"WordChecker1_3.CheckTask_1_3_02","message":"state","data":{"fileStateOk":true,"logOk":true,"result":true},"timestamp":1774574801989}
{"sessionId":"340a5e","hypothesisId":"H3_6","location":"WordChecker1_3.CheckTask_1_3_06","message":"result","data":{"anyOk":false},"timestamp":1774574802250}
{"sessionId":"340a5e","hypothesisId":"H3_2","location":"WordChecker1_3.CheckTask_1_3_02","message":"state","data":{"fileStateOk":true,"logOk":true,"result":true},"timestamp":1774574897329}
{"sessionId":"340a5e","hypothesisId":"H3_6","location":"WordChecker1_3.CheckTask_1_3_06","message":"result","data":{"anyOk":false},"timestamp":1774574897596}
{"sessionId":"340a5e","hypothesisId":"H0","location":"WordChecker1_1.CheckTask_1_1_05","message":"entry","data":{"filePath":"C:\\MOSTest\\Word365\\Tab1\\Project1.docx"},"timestamp":1774580622336}
{"sessionId":"340a5e","hypothesisId":"H1","location":"WordChecker1_1.CheckTask_1_1_05","message":"target","data":{"targetNull":false},"timestamp":1774580622353}
{"sessionId":"340a5e","hypothesisId":"H2-H4","location":"WordChecker1_1.CheckTask_1_1_05","message":"conditions","data":{"logOk":false,"roughlyCleared":false,"strictlyCleared":false,"passedLogRough":false,"isBold":false,"isItalic":false,"isUnderline":true,"isColorAutomatic":false,"isNormal":true,"styleName":"標準","underline":9999999},"timestamp":1774580622389}
{"sessionId":"340a5e","hypothesisId":"H5","location":"WordChecker1_1.CheckTask_1_1_05","message":"return","data":{"result":false},"timestamp":1774580622390}
{"sessionId":"340a5e","hypothesisId":"H0","location":"WordChecker1_1.CheckTask_1_1_05","message":"entry","data":{"filePath":"C:\\MOSTest\\Word365\\Tab1\\Project1.docx"},"timestamp":1774580628743}
{"sessionId":"340a5e","hypothesisId":"H1","location":"WordChecker1_1.CheckTask_1_1_05","message":"target","data":{"targetNull":false},"timestamp":1774580628760}
{"sessionId":"340a5e","hypothesisId":"H2-H4","location":"WordChecker1_1.CheckTask_1_1_05","message":"conditions","data":{"logOk":false,"roughlyCleared":false,"strictlyCleared":false,"passedLogRough":false,"isBold":false,"isItalic":false,"isUnderline":true,"isColorAutomatic":false,"isNormal":true,"styleName":"標準","underline":9999999},"timestamp":1774580628791}
{"sessionId":"340a5e","hypothesisId":"H5","location":"WordChecker1_1.CheckTask_1_1_05","message":"return","data":{"result":false},"timestamp":1774580628792}
{"sessionId":"340a5e","hypothesisId":"H0","location":"WordChecker1_1.CheckTask_1_1_05","message":"entry","data":{"filePath":"C:\\MOSTest\\Word365\\Tab1\\Project1.docx"},"timestamp":1774580666286}
{"sessionId":"340a5e","hypothesisId":"H1","location":"WordChecker1_1.CheckTask_1_1_05","message":"target","data":{"targetNull":false},"timestamp":1774580666302}
{"sessionId":"340a5e","hypothesisId":"H2-H4","location":"WordChecker1_1.CheckTask_1_1_05","message":"conditions","data":{"logOk":false,"roughlyCleared":false,"strictlyCleared":false,"passedLogRough":false,"isBold":false,"isItalic":false,"isUnderline":true,"isColorAutomatic":false,"isNormal":true,"styleName":"標準","underline":9999999},"timestamp":1774580666335}
{"sessionId":"340a5e","hypothesisId":"H5","location":"WordChecker1_1.CheckTask_1_1_05","message":"return","data":{"result":false},"timestamp":1774580666335}
{"sessionId":"340a5e","hypothesisId":"H0","location":"WordChecker1_1.CheckTask_1_1_05","message":"entry","data":{"filePath":"C:\\MOSTest\\Word365\\Tab1\\Project1.docx"},"timestamp":1774580682419}
{"sessionId":"340a5e","hypothesisId":"H1","location":"WordChecker1_1.CheckTask_1_1_05","message":"target","data":{"targetNull":false},"timestamp":1774580682436}
{"sessionId":"340a5e","hypothesisId":"H2-H4","location":"WordChecker1_1.CheckTask_1_1_05","message":"conditions","data":{"logOk":false,"roughlyCleared":false,"strictlyCleared":false,"passedLogRough":false,"isBold":false,"isItalic":false,"isUnderline":true,"isColorAutomatic":false,"isNormal":true,"styleName":"標準","underline":9999999},"timestamp":1774580682449}
{"sessionId":"340a5e","hypothesisId":"H5","location":"WordChecker1_1.CheckTask_1_1_05","message":"return","data":{"result":false},"timestamp":1774580682450}
{"sessionId":"340a5e","hypothesisId":"H0","location":"WordChecker1_1.CheckTask_1_1_05","message":"entry","data":{"filePath":"C:\\MOSTest\\Word365\\Tab1\\Project1.docx"},"timestamp":1774580694872}
{"sessionId":"340a5e","hypothesisId":"H1","location":"WordChecker1_1.CheckTask_1_1_05","message":"target","data":{"targetNull":false},"timestamp":1774580694894}
{"sessionId":"340a5e","hypothesisId":"H2-H4","location":"WordChecker1_1.CheckTask_1_1_05","message":"conditions","data":{"logOk":false,"roughlyCleared":true,"strictlyCleared":true,"passedLogRough":false,"isBold":false,"isItalic":false,"isUnderline":false,"isColorAutomatic":true,"isNormal":true,"styleName":"標準","underline":0},"timestamp":1774580694924}
{"sessionId":"340a5e","hypothesisId":"H5","location":"WordChecker1_1.CheckTask_1_1_05","message":"return","data":{"result":true},"timestamp":1774580694924}
{"sessionId":"340a5e","hypothesisId":"H0","location":"WordChecker1_2.CheckTask_1_2_03","message":"entry","data":{"filePath":"C:\\MOSTest\\Word365\\Tab1\\Project2.docx"},"timestamp":1774580703456}
{"sessionId":"340a5e","hypothesisId":"H1","message":"document","data":{"documentNull":false},"timestamp":1774580703459}
{"sessionId":"340a5e","hypothesisId":"H2","message":"targetRange","data":{"targetNull":false},"timestamp":1774580703467}
{"sessionId":"340a5e","hypothesisId":"H3","message":"conditions","data":{"isAccent1":false,"isDarker25":false,"isBlue":false,"logOk":false,"shade":0,"rgb":-16777216,"result":false},"timestamp":1774580703671}
{"sessionId":"340a5e","hypothesisId":"H25","message":"catch","data":{"ex":"このオブジェクトは、テキストの添付をサポートしていません｡"},"timestamp":1774580703779}
{"sessionId":"340a5e","hypothesisId":"H0","location":"WordChecker1_2.CheckTask_1_2_03","message":"entry","data":{"filePath":"C:\\MOSTest\\Word365\\Tab1\\Project2.docx"},"timestamp":1774580710893}
{"sessionId":"340a5e","hypothesisId":"H1","message":"document","data":{"documentNull":false},"timestamp":1774580710898}
{"sessionId":"340a5e","hypothesisId":"H2","message":"targetRange","data":{"targetNull":false},"timestamp":1774580710909}
{"sessionId":"340a5e","hypothesisId":"H3","message":"conditions","data":{"isAccent1":false,"isDarker25":false,"isBlue":false,"logOk":false,"shade":0,"rgb":-16777216,"result":false},"timestamp":1774580710991}
{"sessionId":"340a5e","hypothesisId":"H25","message":"catch","data":{"ex":"このオブジェクトは、テキストの添付をサポートしていません｡"},"timestamp":1774580711094}
{"sessionId":"340a5e","hypothesisId":"H0","location":"WordChecker1_2.CheckTask_1_2_03","message":"entry","data":{"filePath":"C:\\MOSTest\\Word365\\Tab1\\Project2.docx"},"timestamp":1774580728391}
{"sessionId":"340a5e","hypothesisId":"H1","message":"document","data":{"documentNull":false},"timestamp":1774580728394}
{"sessionId":"340a5e","hypothesisId":"H2","message":"targetRange","data":{"targetNull":false},"timestamp":1774580728403}
{"sessionId":"340a5e","hypothesisId":"H3","message":"conditions","data":{"isAccent1":true,"isDarker25":false,"isBlue":false,"logOk":false,"shade":0,"rgb":-738131969,"result":false},"timestamp":1774580728446}
{"sessionId":"340a5e","hypothesisId":"H25","message":"catch","data":{"ex":"このオブジェクトは、テキストの添付をサポートしていません｡"},"timestamp":1774580728507}
{"sessionId":"340a5e","hypothesisId":"H0","location":"WordChecker1_2.CheckTask_1_2_03","message":"entry","data":{"filePath":"C:\\MOSTest\\Word365\\Tab1\\Project2.docx"},"timestamp":1774580754880}
{"sessionId":"340a5e","hypothesisId":"H1","message":"document","data":{"documentNull":false},"timestamp":1774580754884}
{"sessionId":"340a5e","hypothesisId":"H2","message":"targetRange","data":{"targetNull":false},"timestamp":1774580754895}
{"sessionId":"340a5e","hypothesisId":"H3","message":"conditions","data":{"isAccent1":true,"isDarker25":false,"isBlue":false,"logOk":false,"shade":0,"rgb":-738131969,"result":false},"timestamp":1774580754961}
{"sessionId":"340a5e","hypothesisId":"H25","location":"CheckTask_1_2_05","message":"shape","data":{"shapeNull":false},"timestamp":1774580755018}
{"sessionId":"340a5e","hypothesisId":"H25","message":"font","data":{"size":10.5,"is15pt":false,"isItalic":true,"noBold":true,"noUnderline":true,"result":false},"timestamp":1774580755028}
{"sessionId":"340a5e","hypothesisId":"H0","location":"WordChecker1_2.CheckTask_1_2_03","message":"entry","data":{"filePath":"C:\\MOSTest\\Word365\\Tab1\\Project2.docx"},"timestamp":1774585883575}
{"sessionId":"340a5e","hypothesisId":"H1","message":"document","data":{"documentNull":false},"timestamp":1774585883580}
{"sessionId":"340a5e","hypothesisId":"H2","message":"targetRange","data":{"targetNull":false},"timestamp":1774585883589}
{"sessionId":"340a5e","hypothesisId":"H3","message":"conditions","data":{"isAccent1":true,"isDarker25":true,"isBlue":false,"logOk":false,"shade":-0.25,"rgb":-738148353,"result":false},"timestamp":1774585883857}
{"sessionId":"340a5e","hypothesisId":"H25","location":"CheckTask_1_2_05","message":"shape","data":{"shapeNull":false},"timestamp":1774585883898}
{"sessionId":"340a5e","hypothesisId":"H25","message":"font","data":{"size":15,"is15pt":true,"isItalic":true,"noBold":true,"noUnderline":true,"result":true},"timestamp":1774585883907}
{"sessionId":"340a5e","hypothesisId":"H0","location":"WordChecker1_2.CheckTask_1_2_03","message":"entry","data":{"filePath":"C:\\MOSTest\\Word365\\Tab1\\Project2.docx"},"timestamp":1774585939939}
{"sessionId":"340a5e","hypothesisId":"H1","message":"document","data":{"documentNull":false},"timestamp":1774585939942}
{"sessionId":"340a5e","hypothesisId":"H2","message":"targetRange","data":{"targetNull":false},"timestamp":1774585939950}
{"sessionId":"340a5e","hypothesisId":"H3","message":"conditions","data":{"isAccent1":true,"isDarker25":true,"isBlue":false,"logOk":false,"shade":-0.25,"rgb":-738148353,"result":false},"timestamp":1774585940024}
{"sessionId":"340a5e","hypothesisId":"H25","location":"CheckTask_1_2_05","message":"shape","data":{"shapeNull":false},"timestamp":1774585940069}
{"sessionId":"340a5e","hypothesisId":"H25","message":"font","data":{"size":15,"is15pt":true,"isItalic":true,"noBold":true,"noUnderline":true,"result":true},"timestamp":1774585940078}
{"sessionId":"340a5e","hypothesisId":"H3_2","location":"WordChecker1_3.CheckTask_1_3_02","message":"state","data":{"fileStateOk":false,"logOk":false,"result":false},"timestamp":1774585959634}
{"sessionId":"340a5e","hypothesisId":"H3_6","location":"WordChecker1_3.CheckTask_1_3_06","message":"result","data":{"anyOk":false},"timestamp":1774585959982}
{"sessionId":"340a5e","hypothesisId":"H3_2","location":"WordChecker1_3.CheckTask_1_3_02","message":"state","data":{"fileStateOk":false,"logOk":true,"result":false},"timestamp":1774585972257}
{"sessionId":"340a5e","hypothesisId":"H3_6","location":"WordChecker1_3.CheckTask_1_3_06","message":"result","data":{"anyOk":false},"timestamp":1774585972463}
{"sessionId":"340a5e","hypothesisId":"H3_2","location":"WordChecker1_3.CheckTask_1_3_02","message":"state","data":{"fileStateOk":true,"logOk":true,"result":true},"timestamp":1774585980228}
{"sessionId":"340a5e","hypothesisId":"H3_6","location":"WordChecker1_3.CheckTask_1_3_06","message":"result","data":{"anyOk":false},"timestamp":1774585980474}
{"sessionId":"340a5e","hypothesisId":"H3_2","location":"WordChecker1_3.CheckTask_1_3_02","message":"state","data":{"fileStateOk":true,"logOk":true,"result":true},"timestamp":1774585991684}
{"sessionId":"340a5e","hypothesisId":"H3_6","location":"WordChecker1_3.CheckTask_1_3_06","message":"result","data":{"anyOk":false},"timestamp":1774585991925}
{"sessionId":"340a5e","hypothesisId":"H3_2","location":"WordChecker1_3.CheckTask_1_3_02","message":"state","data":{"fileStateOk":true,"logOk":true,"result":true},"timestamp":1774586128139}
{"sessionId":"340a5e","hypothesisId":"H3_6","location":"WordChecker1_3.CheckTask_1_3_06","message":"result","data":{"anyOk":false},"timestamp":1774586128371}
{"sessionId":"340a5e","hypothesisId":"H3_2","location":"WordChecker1_3.CheckTask_1_3_02","message":"state","data":{"fileStateOk":true,"logOk":true,"result":true},"timestamp":1774586227289}
{"sessionId":"340a5e","hypothesisId":"H3_6","location":"WordChecker1_3.CheckTask_1_3_06","message":"result","data":{"anyOk":false},"timestamp":1774586227516}
{"sessionId":"340a5e","hypothesisId":"H3_2","location":"WordChecker1_3.CheckTask_1_3_02","message":"state","data":{"fileStateOk":true,"logOk":true,"result":true},"timestamp":1774586241818}
{"sessionId":"340a5e","hypothesisId":"H3_6","location":"WordChecker1_3.CheckTask_1_3_06","message":"result","data":{"anyOk":false},"timestamp":1774586242052}
{"sessionId":"340a5e","hypothesisId":"H0","location":"WordChecker1_2.CheckTask_1_2_03","message":"entry","data":{"filePath":"C:\\MOSTest\\Word365\\Tab1\\Project2.docx"},"timestamp":1774591375754}
{"sessionId":"340a5e","hypothesisId":"H1","message":"document","data":{"documentNull":false},"timestamp":1774591375758}
{"sessionId":"340a5e","hypothesisId":"H2","message":"targetRange","data":{"targetNull":false},"timestamp":1774591375770}
{"sessionId":"340a5e","hypothesisId":"H3","message":"conditions","data":{"isAccent1":false,"isDarker25":false,"isBlue":false,"logOk":false,"shade":0,"rgb":-16777216,"result":false},"timestamp":1774591375984}
{"sessionId":"340a5e","hypothesisId":"H25","message":"catch","data":{"ex":"このオブジェクトは、テキストの添付をサポートしていません｡"},"timestamp":1774591376089}
{"sessionId":"340a5e","hypothesisId":"H0","location":"WordChecker1_2.CheckTask_1_2_03","message":"entry","data":{"filePath":"C:\\MOSTest\\Word365\\Tab1\\Project2.docx"},"timestamp":1774591392174}
{"sessionId":"340a5e","hypothesisId":"H1","message":"document","data":{"documentNull":false},"timestamp":1774591392177}
{"sessionId":"340a5e","hypothesisId":"H2","message":"targetRange","data":{"targetNull":false},"timestamp":1774591392185}
{"sessionId":"340a5e","hypothesisId":"H3","message":"conditions","data":{"isAccent1":false,"isDarker25":false,"isBlue":false,"logOk":false,"shade":0,"rgb":-16777216,"result":false},"timestamp":1774591392221}
{"sessionId":"340a5e","hypothesisId":"H25","message":"catch","data":{"ex":"このオブジェクトは、テキストの添付をサポートしていません｡"},"timestamp":1774591392274}
{"sessionId":"340a5e","hypothesisId":"H0","location":"WordChecker1_2.CheckTask_1_2_03","message":"entry","data":{"filePath":"C:\\MOSTest\\Word365\\Tab1\\Project2.docx"},"timestamp":1774591416910}
{"sessionId":"340a5e","hypothesisId":"H1","message":"document","data":{"documentNull":false},"timestamp":1774591416913}
{"sessionId":"340a5e","hypothesisId":"H2","message":"targetRange","data":{"targetNull":false},"timestamp":1774591416921}
{"sessionId":"340a5e","hypothesisId":"H3","message":"conditions","data":{"isAccent1":false,"isDarker25":false,"isBlue":false,"logOk":false,"shade":0,"rgb":-16777216,"result":false},"timestamp":1774591416957}
{"sessionId":"340a5e","hypothesisId":"H25","message":"catch","data":{"ex":"このオブジェクトは、テキストの添付をサポートしていません｡"},"timestamp":1774591417003}
{"sessionId":"340a5e","hypothesisId":"H0","location":"WordChecker1_2.CheckTask_1_2_03","message":"entry","data":{"filePath":"C:\\MOSTest\\Word365\\Tab1\\Project2.docx"},"timestamp":1774591448956}
{"sessionId":"340a5e","hypothesisId":"H1","message":"document","data":{"documentNull":false},"timestamp":1774591448959}
{"sessionId":"340a5e","hypothesisId":"H2","message":"targetRange","data":{"targetNull":false},"timestamp":1774591448967}
{"sessionId":"340a5e","hypothesisId":"H3","message":"conditions","data":{"isAccent1":false,"isDarker25":false,"isBlue":false,"logOk":false,"shade":0,"rgb":-16777216,"result":false},"timestamp":1774591449035}
{"sessionId":"340a5e","hypothesisId":"H25","message":"catch","data":{"ex":"このオブジェクトは、テキストの添付をサポートしていません｡"},"timestamp":1774591449099}
{"sessionId":"340a5e","hypothesisId":"H0","location":"WordChecker1_2.CheckTask_1_2_03","message":"entry","data":{"filePath":"C:\\MOSTest\\Word365\\Tab1\\Project2.docx"},"timestamp":1774591458168}
{"sessionId":"340a5e","hypothesisId":"H1","message":"document","data":{"documentNull":false},"timestamp":1774591458171}
{"sessionId":"340a5e","hypothesisId":"H2","message":"targetRange","data":{"targetNull":false},"timestamp":1774591458182}
{"sessionId":"340a5e","hypothesisId":"H3","message":"conditions","data":{"isAccent1":true,"isDarker25":false,"isBlue":false,"logOk":false,"shade":0,"rgb":-738131969,"result":false},"timestamp":1774591458255}
{"sessionId":"340a5e","hypothesisId":"H25","message":"catch","data":{"ex":"このオブジェクトは、テキストの添付をサポートしていません｡"},"timestamp":1774591458303}
{"sessionId":"340a5e","hypothesisId":"H0","location":"WordChecker1_2.CheckTask_1_2_03","message":"entry","data":{"filePath":"C:\\MOSTest\\Word365\\Tab1\\Project2.docx"},"timestamp":1774591496005}
{"sessionId":"340a5e","hypothesisId":"H1","message":"document","data":{"documentNull":false},"timestamp":1774591496008}
{"sessionId":"340a5e","hypothesisId":"H2","message":"targetRange","data":{"targetNull":false},"timestamp":1774591496021}
{"sessionId":"340a5e","hypothesisId":"H3","message":"conditions","data":{"isAccent1":true,"isDarker25":false,"isBlue":false,"logOk":false,"shade":0,"rgb":-738131969,"result":false},"timestamp":1774591496058}
{"sessionId":"340a5e","hypothesisId":"H25","location":"CheckTask_1_2_05","message":"shape","data":{"shapeNull":false},"timestamp":1774591496103}
{"sessionId":"340a5e","hypothesisId":"H25","message":"font","data":{"size":10.5,"is15pt":false,"isItalic":false,"noBold":true,"noUnderline":true,"result":false},"timestamp":1774591496112}
{"sessionId":"340a5e","hypothesisId":"H0","location":"WordChecker1_2.CheckTask_1_2_03","message":"entry","data":{"filePath":"C:\\MOSTest\\Word365\\Tab1\\Project2.docx"},"timestamp":1774591509956}
{"sessionId":"340a5e","hypothesisId":"H1","message":"document","data":{"documentNull":false},"timestamp":1774591509960}
{"sessionId":"340a5e","hypothesisId":"H2","message":"targetRange","data":{"targetNull":false},"timestamp":1774591509969}
{"sessionId":"340a5e","hypothesisId":"H3","message":"conditions","data":{"isAccent1":true,"isDarker25":false,"isBlue":false,"logOk":false,"shade":0,"rgb":-738131969,"result":false},"timestamp":1774591510083}
{"sessionId":"340a5e","hypothesisId":"H25","location":"CheckTask_1_2_05","message":"shape","data":{"shapeNull":false},"timestamp":1774591510118}
{"sessionId":"340a5e","hypothesisId":"H25","message":"font","data":{"size":15,"is15pt":true,"isItalic":true,"noBold":true,"noUnderline":true,"result":true},"timestamp":1774591510129}
{"sessionId":"340a5e","hypothesisId":"H0","location":"WordChecker1_2.CheckTask_1_2_03","message":"entry","data":{"filePath":"C:\\MOSTest\\Word365\\Tab1\\Project2.docx"},"timestamp":1774591890177}
{"sessionId":"340a5e","hypothesisId":"H1","message":"document","data":{"documentNull":false},"timestamp":1774591890181}
{"sessionId":"340a5e","hypothesisId":"H2","message":"targetRange","data":{"targetNull":false},"timestamp":1774591890188}
{"sessionId":"340a5e","hypothesisId":"H3","message":"conditions","data":{"isAccent1":false,"isDarker25":false,"isBlue":false,"logOk":false,"shade":0,"rgb":-16777216,"result":false},"timestamp":1774591890388}
{"sessionId":"340a5e","hypothesisId":"H25","message":"catch","data":{"ex":"このオブジェクトは、テキストの添付をサポートしていません｡"},"timestamp":1774591890496}
{"sessionId":"340a5e","hypothesisId":"H0","location":"WordChecker1_2.CheckTask_1_2_03","message":"entry","data":{"filePath":"C:\\MOSTest\\Word365\\Tab1\\Project2.docx"},"timestamp":1774591900036}
{"sessionId":"340a5e","hypothesisId":"H1","message":"document","data":{"documentNull":false},"timestamp":1774591900040}
{"sessionId":"340a5e","hypothesisId":"H2","message":"targetRange","data":{"targetNull":false},"timestamp":1774591900047}
{"sessionId":"340a5e","hypothesisId":"H3","message":"conditions","data":{"isAccent1":false,"isDarker25":false,"isBlue":false,"logOk":false,"shade":0,"rgb":-16777216,"result":false},"timestamp":1774591900115}
{"sessionId":"340a5e","hypothesisId":"H25","message":"catch","data":{"ex":"このオブジェクトは、テキストの添付をサポートしていません｡"},"timestamp":1774591900179}
{"sessionId":"340a5e","hypothesisId":"H0","location":"WordChecker1_2.CheckTask_1_2_03","message":"entry","data":{"filePath":"C:\\MOSTest\\Word365\\Tab1\\Project2.docx"},"timestamp":1774591909843}
{"sessionId":"340a5e","hypothesisId":"H1","message":"document","data":{"documentNull":false},"timestamp":1774591909846}
{"sessionId":"340a5e","hypothesisId":"H2","message":"targetRange","data":{"targetNull":false},"timestamp":1774591909854}
{"sessionId":"340a5e","hypothesisId":"H3","message":"conditions","data":{"isAccent1":true,"isDarker25":false,"isBlue":false,"logOk":false,"shade":0,"rgb":-738131969,"result":false},"timestamp":1774591909943}
{"sessionId":"340a5e","hypothesisId":"H25","message":"catch","data":{"ex":"このオブジェクトは、テキストの添付をサポートしていません｡"},"timestamp":1774591909987}
{"sessionId":"340a5e","hypothesisId":"H0","location":"WordChecker1_2.CheckTask_1_2_03","message":"entry","data":{"filePath":"C:\\MOSTest\\Word365\\Tab1\\Project2.docx"},"timestamp":1774592220802}
{"sessionId":"340a5e","hypothesisId":"H1","message":"document","data":{"documentNull":false},"timestamp":1774592220805}
{"sessionId":"340a5e","hypothesisId":"H2","message":"targetRange","data":{"targetNull":false},"timestamp":1774592220811}
{"sessionId":"340a5e","hypothesisId":"H3","message":"conditions","data":{"isAccent1":true,"isDarker25":false,"isBlue":false,"logOk":true,"shade":0,"rgb":-738131969,"result":false},"timestamp":1774592221036}
{"sessionId":"340a5e","hypothesisId":"H25","message":"catch","data":{"ex":"このオブジェクトは、テキストの添付をサポートしていません｡"},"timestamp":1774592221130}
{"sessionId":"340a5e","hypothesisId":"H0","location":"WordChecker1_2.CheckTask_1_2_03","message":"entry","data":{"filePath":"C:\\MOSTest\\Word365\\Tab1\\Project2.docx"},"timestamp":1774592406529}
{"sessionId":"340a5e","hypothesisId":"H1","message":"document","data":{"documentNull":false},"timestamp":1774592406534}
{"sessionId":"340a5e","hypothesisId":"H2","message":"targetRange","data":{"targetNull":false},"timestamp":1774592406542}
{"sessionId":"340a5e","hypothesisId":"H3","message":"conditions","data":{"isAccent1":true,"isDarker25":false,"isBlue":false,"logOk":true,"shade":0,"rgb":-738131969,"result":false},"timestamp":1774592406787}
{"sessionId":"340a5e","hypothesisId":"H25","message":"catch","data":{"ex":"このオブジェクトは、テキストの添付をサポートしていません｡"},"timestamp":1774592406882}
{"sessionId":"340a5e","hypothesisId":"H0","location":"WordChecker1_2.CheckTask_1_2_03","message":"entry","data":{"filePath":"C:\\MOSTest\\Word365\\Tab1\\Project2.docx"},"timestamp":1774592570203}
{"sessionId":"340a5e","hypothesisId":"H1","message":"document","data":{"documentNull":false},"timestamp":1774592570208}
{"sessionId":"340a5e","hypothesisId":"H2","message":"targetRange","data":{"targetNull":false},"timestamp":1774592570215}
{"sessionId":"340a5e","hypothesisId":"H3","message":"conditions","data":{"isAccent1":true,"isDarker25":false,"isBlue":true,"logOk":true,"shade":0,"rgb":-738131969,"result":true},"timestamp":1774592570435}
{"sessionId":"340a5e","hypothesisId":"H25","message":"catch","data":{"ex":"このオブジェクトは、テキストの添付をサポートしていません｡"},"timestamp":1774592570544}
