{"sessionId":"f2914a","id":"log_1774592569811_9461f9","timestamp":1774592569811,"location":"ThisAddIn.ShowAllPoll_Tick","message":"colorPoll","data":{"changed":true,"oldFp":"-1|0|-16777216","newFp":"4|0|-738131969"},"runId":"pre-fix","hypothesisId":"H4"}
{"sessionId":"f2914a","id":"log_1774592570205_a036a0","timestamp":1774592570205,"location":"WordChecker1_2.CheckTask_1_2_03","message":"entry","data":{"filePath":"C:\\MOSTest\\Word365\\Tab1\\Project2.docx"},"runId":"pre-fix","hypothesisId":"H1"}
{"sessionId":"f2914a","id":"log_1774592570209_861cc5","timestamp":1774592570209,"location":"WordChecker1_2.CheckTask_1_2_03","message":"documentResolved","data":{"documentNull":false,"activeDocument":"C:\\MOSTest\\Word365\\Tab1\\Project2.docx"},"runId":"pre-fix","hypothesisId":"H5"}
{"sessionId":"f2914a","id":"log_1774592570216_3691af","timestamp":1774592570216,"location":"WordChecker1_2.CheckTask_1_2_03","message":"targetRange","data":{"targetFound":true},"runId":"pre-fix","hypothesisId":"H1"}
{"sessionId":"f2914a","id":"log_1774592570435_792ca0","timestamp":1774592570435,"location":"WordChecker1_2.CheckTask_1_2_03","message":"conditions","data":{"isAccent1":true,"isDarker25":false,"shadeFallback":true,"isBlue":true,"shade":0,"rgb":-738131969,"countPicker":1,"countMore":0,"logOk":true,"result":true},"runId":"pre-fix","hypothesisId":"H2-H4"}
{"sessionId":"f2914a","id":"log_1774592627500_79a095","timestamp":1774592627500,"location":"ThisAddIn.ShowAllPoll_Tick","message":"colorPoll","data":{"changed":false,"oldFp":"-1|0|-16777216","newFp":"-1|0|-16777216"},"runId":"pre-fix","hypothesisId":"H4"}
{"sessionId":"f2914a","id":"log_1774592629017_7927d1","timestamp":1774592629017,"location":"WordChecker1_2.CheckTask_1_2_03","message":"entry","data":{"filePath":"C:\\MOSTest\\Word365\\Tab1\\Project2.docx"},"runId":"pre-fix","hypothesisId":"H1"}
{"sessionId":"f2914a","id":"log_1774592629022_cdd20a","timestamp":1774592629022,"location":"WordChecker1_2.CheckTask_1_2_03","message":"documentResolved","data":{"documentNull":false,"activeDocument":"C:\\MOSTest\\Word365\\Tab1\\Project2.docx"},"runId":"pre-fix","hypothesisId":"H5"}
{"sessionId":"f2914a","id":"log_1774592629032_39bfce","timestamp":1774592629032,"location":"WordChecker1_2.CheckTask_1_2_03","message":"targetRange","data":{"targetFound":true},"runId":"pre-fix","hypothesisId":"H1"}
{"sessionId":"f2914a","id":"log_1774592629089_15ec6f","timestamp":1774592629089,"location":"WordChecker1_2.CheckTask_1_2_03","message":"conditions","data":{"isAccent1":false,"isDarker25":false,"shadeFallback":true,"isBlue":false,"shade":0,"rgb":-16777216,"countPicker":0,"countMore":0,"logOk":false,"result":false},"runId":"pre-fix","hypothesisId":"H2-H4"}
{"sessionId":"f2914a","id":"log_1774592633512_8d4ee9","timestamp":1774592633512,"location":"ThisAddIn.ShowAllPoll_Tick","message":"colorPoll","data":{"changed":false,"oldFp":"-1|0|-16777216","newFp":"-1|0|-16777216"},"runId":"pre-fix","hypothesisId":"H4"}
{"sessionId":"f2914a","id":"log_1774592636729_45e44e","timestamp":1774592636729,"location":"WordChecker1_2.CheckTask_1_2_03","message":"entry","data":{"filePath":"C:\\MOSTest\\Word365\\Tab1\\Project2.docx"},"runId":"pre-fix","hypothesisId":"H1"}
{"sessionId":"f2914a","id":"log_1774592636733_b0529c","timestamp":1774592636733,"location":"WordChecker1_2.CheckTask_1_2_03","message":"documentResolved","data":{"documentNull":false,"activeDocument":"C:\\MOSTest\\Word365\\Tab1\\Project2.docx"},"runId":"pre-fix","hypothesisId":"H5"}
{"sessionId":"f2914a","id":"log_1774592636743_5ca6bd","timestamp":1774592636743,"location":"WordChecker1_2.CheckTask_1_2_03","message":"targetRange","data":{"targetFound":true},"runId":"pre-fix","hypothesisId":"H1"}
{"sessionId":"f2914a","id":"log_1774592636806_0450b3","timestamp":1774592636806,"location":"WordChecker1_2.CheckTask_1_2_03","message":"conditions","data":{"isAccent1":false,"isDarker25":false,"shadeFallback":true,"isBlue":false,"shade":0,"rgb":-16777216,"countPicker":0,"countMore":0,"logOk":false,"result":false},"runId":"pre-fix","hypothesisId":"H2-H4"}
{"sessionId":"f2914a","id":"log_1774592640733_3dc038","timestamp":1774592640733,"location":"ThisAddIn.ShowAllPoll_Tick","message":"colorPoll","data":{"changed":false,"oldFp":"-1|0|-16777216","newFp":"-1|0|-16777216"},"runId":"pre-fix","hypothesisId":"H4"}
{"sessionId":"f2914a","id":"log_1774592643917_867262","timestamp":1774592643917,"location":"WordChecker1_2.CheckTask_1_2_03","message":"entry","data":{"filePath":"C:\\MOSTest\\Word365\\Tab1\\Project2.docx"},"runId":"pre-fix","hypothesisId":"H1"}
{"sessionId":"f2914a","id":"log_1774592643921_a7488c","timestamp":1774592643921,"location":"WordChecker1_2.CheckTask_1_2_03","message":"documentResolved","data":{"documentNull":false,"activeDocument":"C:\\MOSTest\\Word365\\Tab1\\Project2.docx"},"runId":"pre-fix","hypothesisId":"H5"}
{"sessionId":"f2914a","id":"log_1774592643931_c641ea","timestamp":1774592643931,"location":"WordChecker1_2.CheckTask_1_2_03","message":"targetRange","data":{"targetFound":true},"runId":"pre-fix","hypothesisId":"H1"}
{"sessionId":"f2914a","id":"log_1774592644020_055c5c","timestamp":1774592644020,"location":"WordChecker1_2.CheckTask_1_2_03","message":"conditions","data":{"isAccent1":false,"isDarker25":false,"shadeFallback":true,"isBlue":true,"shade":0,"rgb":-721354753,"countPicker":0,"countMore":0,"logOk":false,"result":false},"runId":"pre-fix","hypothesisId":"H2-H4"}
{"sessionId":"f2914a","id":"log_1774592649154_205730","timestamp":1774592649154,"location":"ThisAddIn.ShowAllPoll_Tick","message":"colorPoll","data":{"changed":true,"oldFp":"-1|0|-16777216","newFp":"4|0|-738131969"},"runId":"pre-fix","hypothesisId":"H4"}
{"sessionId":"f2914a","id":"log_1774592649943_12f354","timestamp":1774592649943,"location":"WordChecker1_2.CheckTask_1_2_03","message":"entry","data":{"filePath":"C:\\MOSTest\\Word365\\Tab1\\Project2.docx"},"runId":"pre-fix","hypothesisId":"H1"}
{"sessionId":"f2914a","id":"log_1774592649948_0a57e9","timestamp":1774592649948,"location":"WordChecker1_2.CheckTask_1_2_03","message":"documentResolved","data":{"documentNull":false,"activeDocument":"C:\\MOSTest\\Word365\\Tab1\\Project2.docx"},"runId":"pre-fix","hypothesisId":"H5"}
{"sessionId":"f2914a","id":"log_1774592649956_00a2ff","timestamp":1774592649956,"location":"WordChecker1_2.CheckTask_1_2_03","message":"targetRange","data":{"targetFound":true},"runId":"pre-fix","hypothesisId":"H1"}
{"sessionId":"f2914a","id":"log_1774592650048_263c79","timestamp":1774592650048,"location":"WordChecker1_2.CheckTask_1_2_03","message":"conditions","data":{"isAccent1":true,"isDarker25":false,"shadeFallback":true,"isBlue":true,"shade":0,"rgb":-738131969,"countPicker":1,"countMore":0,"logOk":true,"result":true},"runId":"pre-fix","hypothesisId":"H2-H4"}
{"sessionId":"f2914a","id":"log_1774592656371_c005ad","timestamp":1774592656371,"location":"ThisAddIn.ShowAllPoll_Tick","message":"colorPoll","data":{"changed":false,"oldFp":"4|0|-738131969","newFp":"4|0|-738131969"},"runId":"pre-fix","hypothesisId":"H4"}
{"sessionId":"f2914a","id":"log_1774592663591_8833e9","timestamp":1774592663591,"location":"ThisAddIn.ShowAllPoll_Tick","message":"colorPoll","data":{"changed":true,"oldFp":"4|0|-738131969","newFp":"6|0|-704577537"},"runId":"pre-fix","hypothesisId":"H4"}
{"sessionId":"f2914a","id":"log_1774592664184_e25579","timestamp":1774592664184,"location":"WordChecker1_2.CheckTask_1_2_03","message":"entry","data":{"filePath":"C:\\MOSTest\\Word365\\Tab1\\Project2.docx"},"runId":"pre-fix","hypothesisId":"H1"}
{"sessionId":"f2914a","id":"log_1774592664187_073cf5","timestamp":1774592664187,"location":"WordChecker1_2.CheckTask_1_2_03","message":"documentResolved","data":{"documentNull":false,"activeDocument":"C:\\MOSTest\\Word365\\Tab1\\Project2.docx"},"runId":"pre-fix","hypothesisId":"H5"}
{"sessionId":"f2914a","id":"log_1774592664196_821cba","timestamp":1774592664196,"location":"WordChecker1_2.CheckTask_1_2_03","message":"targetRange","data":{"targetFound":true},"runId":"pre-fix","hypothesisId":"H1"}
{"sessionId":"f2914a","id":"log_1774592664285_81db17","timestamp":1774592664285,"location":"WordChecker1_2.CheckTask_1_2_03","message":"conditions","data":{"isAccent1":false,"isDarker25":false,"shadeFallback":true,"isBlue":true,"shade":0,"rgb":-704577537,"countPicker":2,"countMore":0,"logOk":true,"result":false},"runId":"pre-fix","hypothesisId":"H2-H4"}
{"sessionId":"f2914a","id":"log_1774592671074_31ceda","timestamp":1774592671074,"location":"WordChecker1_2.CheckTask_1_2_03","message":"entry","data":{"filePath":"C:\\MOSTest\\Word365\\Tab1\\Project2.docx"},"runId":"pre-fix","hypothesisId":"H1"}
{"sessionId":"f2914a","id":"log_1774592671077_d06877","timestamp":1774592671077,"location":"WordChecker1_2.CheckTask_1_2_03","message":"documentResolved","data":{"documentNull":false,"activeDocument":"C:\\MOSTest\\Word365\\Tab1\\Project2.docx"},"runId":"pre-fix","hypothesisId":"H5"}
{"sessionId":"f2914a","id":"log_1774592671087_2c4e0c","timestamp":1774592671087,"location":"WordChecker1_2.CheckTask_1_2_03","message":"targetRange","data":{"targetFound":true},"runId":"pre-fix","hypothesisId":"H1"}
{"sessionId":"f2914a","id":"log_1774592671162_02c414","timestamp":1774592671162,"location":"WordChecker1_2.CheckTask_1_2_03","message":"conditions","data":{"isAccent1":true,"isDarker25":false,"shadeFallback":true,"isBlue":true,"shade":0,"rgb":-738131969,"countPicker":2,"countMore":0,"logOk":true,"result":true},"runId":"pre-fix","hypothesisId":"H2-H4"}
{"sessionId":"f2914a","id":"log_1774592672016_5544cc","timestamp":1774592672016,"location":"ThisAddIn.ShowAllPoll_Tick","message":"colorPoll","data":{"changed":true,"oldFp":"6|0|-704577537","newFp":"4|0|-738131969"},"runId":"pre-fix","hypothesisId":"H4"}
{"sessionId":"f2914a","id":"log_1774592937106_ad030f","timestamp":1774592937106,"location":"WordChecker1_2.CheckTask_1_2_03","message":"entry","data":{"filePath":"C:\\MOSTest\\Word365\\Tab1\\Project2.docx"},"runId":"pre-fix","hypothesisId":"H1"}
{"sessionId":"f2914a","id":"log_1774592937111_4eb542","timestamp":1774592937111,"location":"WordChecker1_2.CheckTask_1_2_03","message":"documentResolved","data":{"documentNull":false,"activeDocument":"C:\\MOSTest\\Word365\\Tab1\\Project2.docx"},"runId":"pre-fix","hypothesisId":"H5"}
{"sessionId":"f2914a","id":"log_1774592937120_bc4ce3","timestamp":1774592937120,"location":"WordChecker1_2.CheckTask_1_2_03","message":"targetRange","data":{"targetFound":true},"runId":"pre-fix","hypothesisId":"H1"}
{"sessionId":"f2914a","id":"log_1774592937345_51b760","timestamp":1774592937345,"location":"WordChecker1_2.CheckTask_1_2_03","message":"conditions","data":{"isAccent1":false,"isDarker25":false,"isBlue":true,"shade":0,"rgb":-721354753,"countPicker":0,"countMore":0,"logOk":false,"result":false},"runId":"pre-fix","hypothesisId":"H2-H4"}
{"sessionId":"f2914a","id":"log_1774592938772_a09235","timestamp":1774592938772,"location":"ThisAddIn.ShowAllPoll_Tick","message":"colorPoll","data":{"changed":true,"oldFp":"-1|0|-16777216","newFp":"5|0|-721354753"},"runId":"pre-fix","hypothesisId":"H4"}
{"sessionId":"f2914a","id":"log_1774592941955_d69f69","timestamp":1774592941955,"location":"WordChecker1_2.CheckTask_1_2_03","message":"entry","data":{"filePath":"C:\\MOSTest\\Word365\\Tab1\\Project2.docx"},"runId":"pre-fix","hypothesisId":"H1"}
{"sessionId":"f2914a","id":"log_1774592941960_7e55eb","timestamp":1774592941960,"location":"WordChecker1_2.CheckTask_1_2_03","message":"documentResolved","data":{"documentNull":false,"activeDocument":"C:\\MOSTest\\Word365\\Tab1\\Project2.docx"},"runId":"pre-fix","hypothesisId":"H5"}
{"sessionId":"f2914a","id":"log_1774592941969_af6ee4","timestamp":1774592941969,"location":"WordChecker1_2.CheckTask_1_2_03","message":"targetRange","data":{"targetFound":true},"runId":"pre-fix","hypothesisId":"H1"}
{"sessionId":"f2914a","id":"log_1774592942064_cc31d3","timestamp":1774592942064,"location":"WordChecker1_2.CheckTask_1_2_03","message":"conditions","data":{"isAccent1":true,"isDarker25":false,"isBlue":true,"shade":0,"rgb":-738131969,"countPicker":1,"countMore":0,"logOk":true,"result":false},"runId":"pre-fix","hypothesisId":"H2-H4"}
{"sessionId":"f2914a","id":"log_1774592947191_da205f","timestamp":1774592947191,"location":"ThisAddIn.ShowAllPoll_Tick","message":"colorPoll","data":{"changed":true,"oldFp":"5|0|-721354753","newFp":"4|0|-738131969"},"runId":"pre-fix","hypothesisId":"H4"}
{"sessionId":"f2914a","id":"log_1774592947839_910b89","timestamp":1774592947839,"location":"WordChecker1_2.CheckTask_1_2_03","message":"entry","data":{"filePath":"C:\\MOSTest\\Word365\\Tab1\\Project2.docx"},"runId":"pre-fix","hypothesisId":"H1"}
{"sessionId":"f2914a","id":"log_1774592947843_050a3c","timestamp":1774592947843,"location":"WordChecker1_2.CheckTask_1_2_03","message":"documentResolved","data":{"documentNull":false,"activeDocument":"C:\\MOSTest\\Word365\\Tab1\\Project2.docx"},"runId":"pre-fix","hypothesisId":"H5"}
{"sessionId":"f2914a","id":"log_1774592947854_f6e7dc","timestamp":1774592947854,"location":"WordChecker1_2.CheckTask_1_2_03","message":"targetRange","data":{"targetFound":true},"runId":"pre-fix","hypothesisId":"H1"}
{"sessionId":"f2914a","id":"log_1774592947950_789eae","timestamp":1774592947950,"location":"WordChecker1_2.CheckTask_1_2_03","message":"conditions","data":{"isAccent1":true,"isDarker25":false,"isBlue":true,"shade":0,"rgb":-738131969,"countPicker":2,"countMore":0,"logOk":true,"result":false},"runId":"pre-fix","hypothesisId":"H2-H4"}
{"sessionId":"f2914a","id":"log_1774592953248_4a1cd7","timestamp":1774592953248,"location":"WordChecker1_2.CheckTask_1_2_03","message":"entry","data":{"filePath":"C:\\MOSTest\\Word365\\Tab1\\Project2.docx"},"runId":"pre-fix","hypothesisId":"H1"}
{"sessionId":"f2914a","id":"log_1774592953252_ffc8fa","timestamp":1774592953252,"location":"WordChecker1_2.CheckTask_1_2_03","message":"documentResolved","data":{"documentNull":false,"activeDocument":"C:\\MOSTest\\Word365\\Tab1\\Project2.docx"},"runId":"pre-fix","hypothesisId":"H5"}
{"sessionId":"f2914a","id":"log_1774592953261_a82313","timestamp":1774592953261,"location":"WordChecker1_2.CheckTask_1_2_03","message":"targetRange","data":{"targetFound":true},"runId":"pre-fix","hypothesisId":"H1"}
{"sessionId":"f2914a","id":"log_1774592953354_d99c39","timestamp":1774592953354,"location":"WordChecker1_2.CheckTask_1_2_03","message":"conditions","data":{"isAccent1":true,"isDarker25":false,"isBlue":true,"shade":0,"rgb":-738131969,"countPicker":2,"countMore":0,"logOk":true,"result":false},"runId":"pre-fix","hypothesisId":"H2-H4"}
{"sessionId":"f2914a","id":"log_1774592954409_5de316","timestamp":1774592954409,"location":"ThisAddIn.ShowAllPoll_Tick","message":"colorPoll","data":{"changed":false,"oldFp":"4|0|-738131969","newFp":"4|0|-738131969"},"runId":"pre-fix","hypothesisId":"H4"}
{"sessionId":"f2914a","id":"log_1774835295699_bf211f","timestamp":1774835295699,"location":"ThisAddIn.ShowAllPoll_Tick","message":"colorPoll","data":{"changed":false,"oldFp":"4|-0.25|-738148353","newFp":"4|-0.25|-738148353"},"runId":"pre-fix","hypothesisId":"H4"}
{"sessionId":"f2914a","id":"log_1774835301725_e49981","timestamp":1774835301725,"location":"ThisAddIn.ShowAllPoll_Tick","message":"colorPoll","data":{"changed":false,"oldFp":"4|-0.25|-738148353","newFp":"4|-0.25|-738148353"},"runId":"pre-fix","hypothesisId":"H4"}
{"sessionId":"f2914a","id":"log_1774835307746_899b5e","timestamp":1774835307746,"location":"ThisAddIn.ShowAllPoll_Tick","message":"colorPoll","data":{"changed":false,"oldFp":"4|-0.25|-738148353","newFp":"4|-0.25|-738148353"},"runId":"pre-fix","hypothesisId":"H4"}
{"sessionId":"f2914a","id":"log_1774835313757_8c3456","timestamp":1774835313757,"location":"ThisAddIn.ShowAllPoll_Tick","message":"colorPoll","data":{"changed":false,"oldFp":"4|-0.25|-738148353","newFp":"4|-0.25|-738148353"},"runId":"pre-fix","hypothesisId":"H4"}
{"sessionId":"f2914a","id":"log_1774835323381_6bd989","timestamp":1774835323381,"location":"ThisAddIn.ShowAllPoll_Tick","message":"colorPoll","data":{"changed":false,"oldFp":"4|-0.25|-738148353","newFp":"4|-0.25|-738148353"},"runId":"pre-fix","hypothesisId":"H4"}
{"sessionId":"f2914a","id":"log_1774835332997_790fb9","timestamp":1774835332997,"location":"ThisAddIn.ShowAllPoll_Tick","message":"colorPoll","data":{"changed":true,"oldFp":"4|-0.25|-738148353","newFp":"4|0|-738131969"},"runId":"pre-fix","hypothesisId":"H4"}
{"sessionId":"f2914a","id":"log_1774835334804_d93bda","timestamp":1774835334804,"location":"WordChecker1_2.CheckTask_1_2_03","message":"entry","data":{"filePath":"C:\\MOSTest\\Word365\\Tab1\\Project2.docx"},"runId":"pre-fix","hypothesisId":"H1"}
{"sessionId":"f2914a","id":"log_1774835334807_0be996","timestamp":1774835334807,"location":"WordChecker1_2.CheckTask_1_2_03","message":"documentResolved","data":{"documentNull":false,"activeDocument":"C:\\MOSTest\\Word365\\Tab1\\Project2.docx"},"runId":"pre-fix","hypothesisId":"H5"}
{"sessionId":"f2914a","id":"log_1774835334815_cbd04f","timestamp":1774835334815,"location":"WordChecker1_2.CheckTask_1_2_03","message":"targetRange","data":{"targetFound":true},"runId":"pre-fix","hypothesisId":"H1"}
{"sessionId":"f2914a","id":"log_1774835335044_052e9c","timestamp":1774835335044,"location":"WordChecker1_2.CheckTask_1_2_03","message":"conditions","data":{"isAccent1":true,"isDarker25":false,"isBlue":true,"shade":0,"rgb":-738131969,"countPicker":3,"countMore":0,"logOk":true,"result":false},"runId":"pre-fix","hypothesisId":"H2-H4"}
{"sessionId":"f2914a","id":"log_1774835339017_2da19a","timestamp":1774835339017,"location":"ThisAddIn.ShowAllPoll_Tick","message":"colorPoll","data":{"changed":false,"oldFp":"4|0|-738131969","newFp":"4|0|-738131969"},"runId":"pre-fix","hypothesisId":"H4"}
{"sessionId":"f2914a","id":"log_1774835345037_60d2b9","timestamp":1774835345037,"location":"ThisAddIn.ShowAllPoll_Tick","message":"colorPoll","data":{"changed":false,"oldFp":"4|0|-738131969","newFp":"4|0|-738131969"},"runId":"pre-fix","hypothesisId":"H4"}
{"sessionId":"f2914a","id":"log_1774835351066_900ab8","timestamp":1774835351066,"location":"ThisAddIn.ShowAllPoll_Tick","message":"colorPoll","data":{"changed":false,"oldFp":"4|0|-738131969","newFp":"4|0|-738131969"},"runId":"pre-fix","hypothesisId":"H4"}
{"sessionId":"f2914a","id":"log_1774835357104_cd7f37","timestamp":1774835357104,"location":"ThisAddIn.ShowAllPoll_Tick","message":"colorPoll","data":{"changed":false,"oldFp":"4|0|-738131969","newFp":"4|0|-738131969"},"runId":"pre-fix","hypothesisId":"H4"}
{"sessionId":"f2914a","id":"log_1774835365527_d5dfc4","timestamp":1774835365527,"location":"ThisAddIn.ShowAllPoll_Tick","message":"colorPoll","data":{"changed":false,"oldFp":"4|0|-738131969","newFp":"4|0|-738131969"},"runId":"pre-fix","hypothesisId":"H4"}
{"sessionId":"f2914a","id":"log_1774835368665_9b4006","timestamp":1774835368665,"location":"WordChecker1_2.CheckTask_1_2_03","message":"entry","data":{"filePath":"C:\\MOSTest\\Word365\\Tab1\\Project2.docx"},"runId":"pre-fix","hypothesisId":"H1"}
{"sessionId":"f2914a","id":"log_1774835368669_bbbaec","timestamp":1774835368669,"location":"WordChecker1_2.CheckTask_1_2_03","message":"documentResolved","data":{"documentNull":false,"activeDocument":"C:\\MOSTest\\Word365\\Tab1\\Project2.docx"},"runId":"pre-fix","hypothesisId":"H5"}
{"sessionId":"f2914a","id":"log_1774835368676_714ba0","timestamp":1774835368676,"location":"WordChecker1_2.CheckTask_1_2_03","message":"targetRange","data":{"targetFound":true},"runId":"pre-fix","hypothesisId":"H1"}
{"sessionId":"f2914a","id":"log_1774835368709_5e75cc","timestamp":1774835368709,"location":"WordChecker1_2.CheckTask_1_2_03","message":"conditions","data":{"isAccent1":true,"isDarker25":false,"isBlue":true,"shade":0,"rgb":-738131969,"countPicker":3,"countMore":0,"logOk":true,"result":false},"runId":"pre-fix","hypothesisId":"H2-H4"}
{"sessionId":"f2914a","id":"log_1774835371527_4bc609","timestamp":1774835371527,"location":"ThisAddIn.ShowAllPoll_Tick","message":"colorPoll","data":{"changed":false,"oldFp":"4|0|-738131969","newFp":"4|0|-738131969"},"runId":"pre-fix","hypothesisId":"H4"}
{"sessionId":"f2914a","id":"log_1774836288892_0af441","timestamp":1774836288892,"location":"ThisAddIn.ShowAllPoll_Tick","message":"colorPoll","data":{"changed":false,"oldFp":"-1|0|-16777216","newFp":"-1|0|-16777216"},"runId":"pre-fix","hypothesisId":"H4"}
{"sessionId":"f2914a","id":"log_1774836294824_e7f5f9","timestamp":1774836294824,"location":"ThisAddIn.ShowAllPoll_Tick","message":"colorPoll","data":{"changed":false,"oldFp":"-1|0|-16777216","newFp":"-1|0|-16777216"},"runId":"pre-fix","hypothesisId":"H4"}
{"sessionId":"f2914a","id":"log_1774836300844_bccf8f","timestamp":1774836300844,"location":"ThisAddIn.ShowAllPoll_Tick","message":"colorPoll","data":{"changed":false,"oldFp":"-1|0|-16777216","newFp":"-1|0|-16777216"},"runId":"pre-fix","hypothesisId":"H4"}
{"sessionId":"f2914a","id":"log_1774836309263_493168","timestamp":1774836309263,"location":"ThisAddIn.ShowAllPoll_Tick","message":"colorPoll","data":{"changed":false,"oldFp":"-1|0|-16777216","newFp":"-1|0|-16777216"},"runId":"pre-fix","hypothesisId":"H4"}
{"sessionId":"f2914a","id":"log_1774836319940_e44b8b","timestamp":1774836319940,"location":"WordChecker1_2.CheckTask_1_2_03","message":"entry","data":{"filePath":"C:\\MOSTest\\Word365\\Tab1\\Project2.docx"},"runId":"pre-fix","hypothesisId":"H1"}
{"sessionId":"f2914a","id":"log_1774836319948_848ea1","timestamp":1774836319948,"location":"WordChecker1_2.CheckTask_1_2_03","message":"documentResolved","data":{"documentNull":false,"activeDocument":"C:\\MOSTest\\Word365\\Tab1\\Project2.docx"},"runId":"pre-fix","hypothesisId":"H5"}
{"sessionId":"f2914a","id":"log_1774836319956_078b21","timestamp":1774836319956,"location":"WordChecker1_2.CheckTask_1_2_03","message":"targetRange","data":{"targetFound":true},"runId":"pre-fix","hypothesisId":"H1"}
{"sessionId":"f2914a","id":"log_1774836320094_fe513b","timestamp":1774836320094,"location":"ThisAddIn.ShowAllPoll_Tick","message":"colorPoll","data":{"changed":true,"oldFp":"-1|0|-16777216","newFp":"4|0|-738131969"},"runId":"pre-fix","hypothesisId":"H4"}
{"sessionId":"f2914a","id":"log_1774836320215_1186c2","timestamp":1774836320215,"location":"WordChecker1_2.CheckTask_1_2_03","message":"conditions","data":{"isAccent1":true,"isDarker25":false,"isBlue":true,"shade":0,"rgb":-738131969,"countPicker":1,"countMore":0,"logOk":true,"result":false},"runId":"pre-fix","hypothesisId":"H2-H4"}
{"sessionId":"f2914a","id":"log_1774836610624_c8c659","timestamp":1774836610624,"location":"ThisAddIn.ShowAllPoll_Tick","message":"colorPoll","data":{"changed":false,"oldFp":"-1|0|-16777216","newFp":"-1|0|-16777216"},"runId":"pre-fix","hypothesisId":"H4"}
{"sessionId":"f2914a","id":"log_1774836618719_35081c","timestamp":1774836618719,"location":"WordChecker1_2.CheckTask_1_2_03","message":"entry","data":{"filePath":"C:\\MOSTest\\Word365\\Tab1\\Project2.docx"},"runId":"pre-fix","hypothesisId":"H1"}
{"sessionId":"f2914a","id":"log_1774836618724_cca134","timestamp":1774836618724,"location":"WordChecker1_2.CheckTask_1_2_03","message":"documentResolved","data":{"documentNull":false,"activeDocument":"C:\\MOSTest\\Word365\\Tab1\\Project2.docx"},"runId":"pre-fix","hypothesisId":"H5"}
{"sessionId":"f2914a","id":"log_1774836618732_480ef2","timestamp":1774836618732,"location":"WordChecker1_2.CheckTask_1_2_03","message":"targetRange","data":{"targetFound":true},"runId":"pre-fix","hypothesisId":"H1"}
{"sessionId":"f2914a","id":"log_1774836619008_1354a4","timestamp":1774836619008,"location":"WordChecker1_2.CheckTask_1_2_03","message":"conditions","data":{"isAccent1":true,"isDarker25":false,"isBlue":true,"shade":0,"rgb":-738131969,"countPicker":0,"countMore":0,"logOk":false,"result":false},"runId":"pre-fix","hypothesisId":"H2-H4"}
{"sessionId":"f2914a","id":"log_1774836620252_0a2db9","timestamp":1774836620252,"location":"ThisAddIn.ShowAllPoll_Tick","message":"colorPoll","data":{"changed":true,"oldFp":"-1|0|-16777216","newFp":"4|0|-738131969"},"runId":"pre-fix","hypothesisId":"H4"}
{"sessionId":"f2914a","id":"log_1774836829934_b40d87","timestamp":1774836829934,"location":"ThisAddIn.ShowAllPoll_Tick","message":"colorPoll","data":{"changed":true,"oldFp":"-1|0|-16777216","newFp":"4|0|-738131969"},"runId":"pre-fix","hypothesisId":"H4"}
{"sessionId":"f2914a","id":"log_1774836831634_2c4122","timestamp":1774836831634,"location":"WordChecker1_2.CheckTask_1_2_03","message":"entry","data":{"filePath":"C:\\MOSTest\\Word365\\Tab1\\Project2.docx"},"runId":"pre-fix","hypothesisId":"H1"}
{"sessionId":"f2914a","id":"log_1774836831637_f2dd51","timestamp":1774836831637,"location":"WordChecker1_2.CheckTask_1_2_03","message":"documentResolved","data":{"documentNull":false,"activeDocument":"C:\\MOSTest\\Word365\\Tab1\\Project2.docx"},"runId":"pre-fix","hypothesisId":"H5"}
{"sessionId":"f2914a","id":"log_1774836831645_88bec4","timestamp":1774836831645,"location":"WordChecker1_2.CheckTask_1_2_03","message":"targetRange","data":{"targetFound":true},"runId":"pre-fix","hypothesisId":"H1"}
{"sessionId":"f2914a","id":"log_1774836832041_ce26f4","timestamp":1774836832041,"location":"WordChecker1_2.CheckTask_1_2_03","message":"conditions","data":{"isAccent1":true,"isDarker25":false,"isBlue":true,"shade":0,"rgb":-738131969,"countPicker":1,"countMore":0,"logOk":true,"result":false},"runId":"pre-fix","hypothesisId":"H2-H4"}
{"sessionId":"f2914a","id":"log_1774836835959_621a63","timestamp":1774836835959,"location":"ThisAddIn.ShowAllPoll_Tick","message":"colorPoll","data":{"changed":false,"oldFp":"4|0|-738131969","newFp":"4|0|-738131969"},"runId":"pre-fix","hypothesisId":"H4"}
{"sessionId":"f2914a","id":"log_1774837032567_469ba2","timestamp":1774837032567,"location":"WordChecker1_2.CheckTask_1_2_03","message":"entry","data":{"filePath":"C:\\MOSTest\\Word365\\Tab1\\Project2.docx"},"runId":"pre-fix","hypothesisId":"H1"}
{"sessionId":"f2914a","id":"log_1774837032571_c2e07f","timestamp":1774837032571,"location":"WordChecker1_2.CheckTask_1_2_03","message":"documentResolved","data":{"documentNull":false,"activeDocument":"C:\\MOSTest\\Word365\\Tab1\\Project2.docx"},"runId":"pre-fix","hypothesisId":"H5"}
{"sessionId":"f2914a","id":"log_1774837032578_4da050","timestamp":1774837032578,"location":"WordChecker1_2.CheckTask_1_2_03","message":"targetRange","data":{"targetFound":true},"runId":"pre-fix","hypothesisId":"H1"}
{"sessionId":"f2914a","id":"log_1774837033015_72385c","timestamp":1774837033015,"location":"WordChecker1_2.CheckTask_1_2_03","message":"conditions","data":{"isAccent1":true,"isDarker25":true,"isBlue":true,"shade":0,"rgb":-738131969,"countPicker":0,"countMore":0,"logOk":false,"result":true},"runId":"pre-fix","hypothesisId":"H2-H4"}
{"sessionId":"f2914a","id":"log_1774837033659_3d349e","timestamp":1774837033659,"location":"ThisAddIn.ShowAllPoll_Tick","message":"colorPoll","data":{"changed":true,"oldFp":"-1|0|-16777216","newFp":"4|0|-738131969"},"runId":"pre-fix","hypothesisId":"H4"}
{"sessionId":"f2914a","id":"log_1774837042073_1475b7","timestamp":1774837042073,"location":"ThisAddIn.ShowAllPoll_Tick","message":"colorPoll","data":{"changed":false,"oldFp":"4|0|-738131969","newFp":"4|0|-738131969"},"runId":"pre-fix","hypothesisId":"H4"}
{"sessionId":"f2914a","id":"log_1774837042159_8346b6","timestamp":1774837042159,"location":"WordChecker1_2.CheckTask_1_2_03","message":"entry","data":{"filePath":"C:\\MOSTest\\Word365\\Tab1\\Project2.docx"},"runId":"pre-fix","hypothesisId":"H1"}
{"sessionId":"f2914a","id":"log_1774837042163_47d624","timestamp":1774837042163,"location":"WordChecker1_2.CheckTask_1_2_03","message":"documentResolved","data":{"documentNull":false,"activeDocument":"C:\\MOSTest\\Word365\\Tab1\\Project2.docx"},"runId":"pre-fix","hypothesisId":"H5"}
{"sessionId":"f2914a","id":"log_1774837042172_580503","timestamp":1774837042172,"location":"WordChecker1_2.CheckTask_1_2_03","message":"targetRange","data":{"targetFound":true},"runId":"pre-fix","hypothesisId":"H1"}
{"sessionId":"f2914a","id":"log_1774837042347_6fadff","timestamp":1774837042347,"location":"WordChecker1_2.CheckTask_1_2_03","message":"conditions","data":{"isAccent1":true,"isDarker25":false,"isBlue":true,"shade":0,"rgb":-738131969,"countPicker":1,"countMore":0,"logOk":true,"result":false},"runId":"pre-fix","hypothesisId":"H2-H4"}
{"sessionId":"f2914a","id":"log_1774837163509_306363","timestamp":1774837163509,"location":"WordChecker1_2.CheckTask_1_2_03","message":"entry","data":{"filePath":"C:\\MOSTest\\Word365\\Tab1\\Project2.docx"},"runId":"pre-fix","hypothesisId":"H1"}
{"sessionId":"f2914a","id":"log_1774837163514_ffc9df","timestamp":1774837163514,"location":"WordChecker1_2.CheckTask_1_2_03","message":"documentResolved","data":{"documentNull":false,"activeDocument":"C:\\MOSTest\\Word365\\Tab1\\Project2.docx"},"runId":"pre-fix","hypothesisId":"H5"}
{"sessionId":"f2914a","id":"log_1774837163520_e3bc5c","timestamp":1774837163520,"location":"WordChecker1_2.CheckTask_1_2_03","message":"targetRange","data":{"targetFound":true},"runId":"pre-fix","hypothesisId":"H1"}
{"sessionId":"f2914a","id":"log_1774837163957_76bcd5","timestamp":1774837163957,"location":"WordChecker1_2.CheckTask_1_2_03","message":"conditions","data":{"isAccent1":true,"isDarker25":false,"isBlue":true,"shade":0,"rgb":-738131969,"countPicker":1,"countMore":0,"logOk":true,"result":false},"runId":"pre-fix","hypothesisId":"H2-H4"}
{"sessionId":"f2914a","id":"log_1774837166065_17eeb3","timestamp":1774837166065,"location":"ThisAddIn.ShowAllPoll_Tick","message":"colorPoll","data":{"changed":false,"oldFp":"4|0|-738131969","newFp":"4|0|-738131969"},"runId":"pre-fix","hypothesisId":"H4"}
{"sessionId":"f2914a","id":"log_1774837171465_1cfad8","timestamp":1774837171465,"location":"ThisAddIn.ShowAllPoll_Tick","message":"colorPoll","data":{"changed":false,"oldFp":"4|0|-738131969","newFp":"4|0|-738131969"},"runId":"pre-fix","hypothesisId":"H4"}
{"sessionId":"f2914a","id":"log_1774837177490_baed26","timestamp":1774837177490,"location":"ThisAddIn.ShowAllPoll_Tick","message":"colorPoll","data":{"changed":false,"oldFp":"-1|0|-16777216","newFp":"-1|0|-16777216"},"runId":"pre-fix","hypothesisId":"H4"}
{"sessionId":"f2914a","id":"log_1774837181882_231c0b","timestamp":1774837181882,"location":"WordChecker1_2.CheckTask_1_2_03","message":"entry","data":{"filePath":"C:\\MOSTest\\Word365\\Tab1\\Project2.docx"},"runId":"pre-fix","hypothesisId":"H1"}
{"sessionId":"f2914a","id":"log_1774837181885_cc1e25","timestamp":1774837181885,"location":"WordChecker1_2.CheckTask_1_2_03","message":"documentResolved","data":{"documentNull":false,"activeDocument":"C:\\MOSTest\\Word365\\Tab1\\Project2.docx"},"runId":"pre-fix","hypothesisId":"H5"}
{"sessionId":"f2914a","id":"log_1774837181892_6af7a1","timestamp":1774837181892,"location":"WordChecker1_2.CheckTask_1_2_03","message":"targetRange","data":{"targetFound":true},"runId":"pre-fix","hypothesisId":"H1"}
{"sessionId":"f2914a","id":"log_1774837182048_1cd9b6","timestamp":1774837182048,"location":"WordChecker1_2.CheckTask_1_2_03","message":"conditions","data":{"isAccent1":false,"isDarker25":true,"isBlue":false,"shade":0,"rgb":-16777216,"countPicker":0,"countMore":0,"logOk":false,"result":false},"runId":"pre-fix","hypothesisId":"H2-H4"}
{"sessionId":"f2914a","id":"log_1774837183500_d8ef86","timestamp":1774837183500,"location":"ThisAddIn.ShowAllPoll_Tick","message":"colorPoll","data":{"changed":false,"oldFp":"-1|0|-16777216","newFp":"-1|0|-16777216"},"runId":"pre-fix","hypothesisId":"H4"}
{"sessionId":"f2914a","id":"log_1774837189521_df130e","timestamp":1774837189521,"location":"ThisAddIn.ShowAllPoll_Tick","message":"colorPoll","data":{"changed":false,"oldFp":"-1|0|-16777216","newFp":"-1|0|-16777216"},"runId":"pre-fix","hypothesisId":"H4"}
{"sessionId":"f2914a","id":"log_1774837199148_aa3fd6","timestamp":1774837199148,"location":"ThisAddIn.ShowAllPoll_Tick","message":"colorPoll","data":{"changed":true,"oldFp":"-1|0|-16777216","newFp":"4|0|-738131969"},"runId":"pre-fix","hypothesisId":"H4"}
{"sessionId":"f2914a","id":"log_1774837205192_4956fa","timestamp":1774837205192,"location":"ThisAddIn.ShowAllPoll_Tick","message":"colorPoll","data":{"changed":false,"oldFp":"4|0|-738131969","newFp":"4|0|-738131969"},"runId":"pre-fix","hypothesisId":"H4"}
{"sessionId":"f2914a","id":"log_1774837211065_34a3f0","timestamp":1774837211065,"location":"WordChecker1_2.CheckTask_1_2_03","message":"entry","data":{"filePath":"C:\\MOSTest\\Word365\\Tab1\\Project2.docx"},"runId":"pre-fix","hypothesisId":"H1"}
{"sessionId":"f2914a","id":"log_1774837211069_e0db61","timestamp":1774837211069,"location":"WordChecker1_2.CheckTask_1_2_03","message":"documentResolved","data":{"documentNull":false,"activeDocument":"C:\\MOSTest\\Word365\\Tab1\\Project2.docx"},"runId":"pre-fix","hypothesisId":"H5"}
{"sessionId":"f2914a","id":"log_1774837211079_a9c1f2","timestamp":1774837211079,"location":"WordChecker1_2.CheckTask_1_2_03","message":"targetRange","data":{"targetFound":true},"runId":"pre-fix","hypothesisId":"H1"}
{"sessionId":"f2914a","id":"log_1774837211320_d3b91f","timestamp":1774837211320,"location":"WordChecker1_2.CheckTask_1_2_03","message":"conditions","data":{"isAccent1":true,"isDarker25":true,"isBlue":true,"shade":0,"rgb":-738131969,"countPicker":1,"countMore":0,"logOk":true,"result":true},"runId":"pre-fix","hypothesisId":"H2-H4"}
{"sessionId":"f2914a","id":"log_1774837213594_bd2fc9","timestamp":1774837213594,"location":"ThisAddIn.ShowAllPoll_Tick","message":"colorPoll","data":{"changed":false,"oldFp":"4|0|-738131969","newFp":"4|0|-738131969"},"runId":"pre-fix","hypothesisId":"H4"}
