{"sessionId":"51ec3c","ts":1781075427735,"loc":"ExcelChecker1_3:RunCheck","msg":"RunCheck entry","data":{"taskName":"Task 3-1 (Style)"},"hyp":"H_FILEPATH"}
{"sessionId":"51ec3c","ts":1781075427753,"loc":"ExcelChecker1_3:RunCheck","msg":"filePath result","data":{"filePath":"C:\\MOSTest\\Excel365\\Tab1\\Initial\\project2.xlsx","isEmpty":false},"hyp":"H_FILEPATH"}
{"sessionId":"51ec3c","timestamp":1781075427755,"location":"ExcelChecker1_3.cs:CheckTask_1_3_01_Impl","message":"method entry","data":{"filePath":"C:\\MOSTest\\Excel365\\Tab1\\Initial\\project2.xlsx"},"runId":"post-fix","hypothesisId":"H1"}
{"sessionId":"51ec3c","timestamp":1781075427838,"location":"ExcelChecker1_3.cs:cell_check","message":"A2 cell style","data":{"NameLocal":"集計"},"runId":"post-fix","hypothesisId":"H1"}
{"sessionId":"51ec3c","ts":1781075427838,"loc":"ExcelChecker1_3:RunCheck","msg":"RunCheck entry","data":{"taskName":"Task 3-2 (Indent)"},"hyp":"H_FILEPATH"}
{"sessionId":"51ec3c","ts":1781075427840,"loc":"ExcelChecker1_3:RunCheck","msg":"filePath result","data":{"filePath":"C:\\MOSTest\\Excel365\\Tab1\\Initial\\project2.xlsx","isEmpty":false},"hyp":"H_FILEPATH"}
{"sessionId":"51ec3c","ts":1781075427874,"loc":"ExcelChecker1_3:RunCheck","msg":"RunCheck entry","data":{"taskName":"Task 3-3 (Center)"},"hyp":"H_FILEPATH"}
{"sessionId":"51ec3c","ts":1781075427876,"loc":"ExcelChecker1_3:RunCheck","msg":"filePath result","data":{"filePath":"C:\\MOSTest\\Excel365\\Tab1\\Initial\\project2.xlsx","isEmpty":false},"hyp":"H_FILEPATH"}
{"sessionId":"51ec3c","ts":1781075427893,"loc":"ExcelChecker1_3:RunCheck","msg":"RunCheck entry","data":{"taskName":"Task 3-4 (Copy Width)"},"hyp":"H_FILEPATH"}
{"sessionId":"51ec3c","ts":1781075427895,"loc":"ExcelChecker1_3:RunCheck","msg":"filePath result","data":{"filePath":"C:\\MOSTest\\Excel365\\Tab1\\Initial\\project2.xlsx","isEmpty":false},"hyp":"H_FILEPATH"}
{"sessionId":"51ec3c","ts":1781075427925,"loc":"ExcelChecker1_3:RunCheck","msg":"RunCheck entry","data":{"taskName":"Task 3-5 (Strike)"},"hyp":"H_FILEPATH"}
{"sessionId":"51ec3c","ts":1781075427928,"loc":"ExcelChecker1_3:RunCheck","msg":"filePath result","data":{"filePath":"C:\\MOSTest\\Excel365\\Tab1\\Initial\\project2.xlsx","isEmpty":false},"hyp":"H_FILEPATH"}
{"sessionId":"51ec3c","ts":1781075427952,"loc":"ExcelChecker1_3:RunCheck","msg":"RunCheck entry","data":{"taskName":"Task 3-6 (Unmerge)"},"hyp":"H_FILEPATH"}
{"sessionId":"51ec3c","ts":1781075427953,"loc":"ExcelChecker1_3:RunCheck","msg":"filePath result","data":{"filePath":"C:\\MOSTest\\Excel365\\Tab1\\Initial\\project2.xlsx","isEmpty":false},"hyp":"H_FILEPATH"}
{"sessionId":"51ec3c","ts":1781075427976,"loc":"ExcelChecker1_3:RunCheck","msg":"RunCheck entry","data":{"taskName":"Task 3-7 (Delete Row)"},"hyp":"H_FILEPATH"}
{"sessionId":"51ec3c","ts":1781075427978,"loc":"ExcelChecker1_3:RunCheck","msg":"filePath result","data":{"filePath":"C:\\MOSTest\\Excel365\\Tab1\\Initial\\project2.xlsx","isEmpty":false},"hyp":"H_FILEPATH"}
{"sessionId":"51ec3c","ts":1781075433792,"loc":"ExcelChecker1_3:RunCheck","msg":"RunCheck entry","data":{"taskName":"Task 3-1 (Style)"},"hyp":"H_FILEPATH"}
{"sessionId":"51ec3c","ts":1781075433815,"loc":"ExcelChecker1_3:RunCheck","msg":"filePath result","data":{"filePath":"C:\\MOSTest\\Excel365\\Tab1\\Initial\\project2.xlsx","isEmpty":false},"hyp":"H_FILEPATH"}
{"sessionId":"51ec3c","timestamp":1781075433815,"location":"ExcelChecker1_3.cs:CheckTask_1_3_01_Impl","message":"method entry","data":{"filePath":"C:\\MOSTest\\Excel365\\Tab1\\Initial\\project2.xlsx"},"runId":"post-fix","hypothesisId":"H1"}
{"sessionId":"51ec3c","timestamp":1781075433852,"location":"ExcelChecker1_3.cs:cell_check","message":"A2 cell style","data":{"NameLocal":"タイトル"},"runId":"post-fix","hypothesisId":"H1"}
{"sessionId":"51ec3c","ts":1781075433853,"loc":"ExcelChecker1_3:RunCheck","msg":"RunCheck entry","data":{"taskName":"Task 3-2 (Indent)"},"hyp":"H_FILEPATH"}
{"sessionId":"51ec3c","ts":1781075433856,"loc":"ExcelChecker1_3:RunCheck","msg":"filePath result","data":{"filePath":"C:\\MOSTest\\Excel365\\Tab1\\Initial\\project2.xlsx","isEmpty":false},"hyp":"H_FILEPATH"}
{"sessionId":"51ec3c","ts":1781075433887,"loc":"ExcelChecker1_3:RunCheck","msg":"RunCheck entry","data":{"taskName":"Task 3-3 (Center)"},"hyp":"H_FILEPATH"}
{"sessionId":"51ec3c","ts":1781075433889,"loc":"ExcelChecker1_3:RunCheck","msg":"filePath result","data":{"filePath":"C:\\MOSTest\\Excel365\\Tab1\\Initial\\project2.xlsx","isEmpty":false},"hyp":"H_FILEPATH"}
{"sessionId":"51ec3c","ts":1781075433909,"loc":"ExcelChecker1_3:RunCheck","msg":"RunCheck entry","data":{"taskName":"Task 3-4 (Copy Width)"},"hyp":"H_FILEPATH"}
{"sessionId":"51ec3c","ts":1781075433912,"loc":"ExcelChecker1_3:RunCheck","msg":"filePath result","data":{"filePath":"C:\\MOSTest\\Excel365\\Tab1\\Initial\\project2.xlsx","isEmpty":false},"hyp":"H_FILEPATH"}
{"sessionId":"51ec3c","ts":1781075433943,"loc":"ExcelChecker1_3:RunCheck","msg":"RunCheck entry","data":{"taskName":"Task 3-5 (Strike)"},"hyp":"H_FILEPATH"}
{"sessionId":"51ec3c","ts":1781075433944,"loc":"ExcelChecker1_3:RunCheck","msg":"filePath result","data":{"filePath":"C:\\MOSTest\\Excel365\\Tab1\\Initial\\project2.xlsx","isEmpty":false},"hyp":"H_FILEPATH"}
{"sessionId":"51ec3c","ts":1781075433970,"loc":"ExcelChecker1_3:RunCheck","msg":"RunCheck entry","data":{"taskName":"Task 3-6 (Unmerge)"},"hyp":"H_FILEPATH"}
{"sessionId":"51ec3c","ts":1781075433971,"loc":"ExcelChecker1_3:RunCheck","msg":"filePath result","data":{"filePath":"C:\\MOSTest\\Excel365\\Tab1\\Initial\\project2.xlsx","isEmpty":false},"hyp":"H_FILEPATH"}
{"sessionId":"51ec3c","ts":1781075433991,"loc":"ExcelChecker1_3:RunCheck","msg":"RunCheck entry","data":{"taskName":"Task 3-7 (Delete Row)"},"hyp":"H_FILEPATH"}
{"sessionId":"51ec3c","ts":1781075433992,"loc":"ExcelChecker1_3:RunCheck","msg":"filePath result","data":{"filePath":"C:\\MOSTest\\Excel365\\Tab1\\Initial\\project2.xlsx","isEmpty":false},"hyp":"H_FILEPATH"}
